<html>
<body>
<pre>
<h1>礦ision Build Log</h1>
<h2>Tool Versions:</h2>
IDE-Version: μVision V5.18a
Copyright (C) 2016 ARM Ltd and ARM Germany GmbH. All rights reserved.
License Information: huamg 黄丽君, huangl, LIC=8VR56-DIPMT-G7PR6-DM0SZ-8PH1I-53Z58
 
Tool Versions:
Toolchain:       MDK-ARM Standard  Version: 5.18a
Toolchain Path:  D:\keil5_5\ARM\ARMCC\Bin
C Compiler:      Armcc.exe V5.06 update 1 (build 61)
Assembler:       Armasm.exe V5.06 update 1 (build 61)
Linker/Locator:  ArmLink.exe V5.06 update 1 (build 61)
Library Manager: ArmAr.exe V5.06 update 1 (build 61)
Hex Converter:   FromElf.exe V5.06 update 1 (build 61)
CPU DLL:         
Dialog DLL:      
Target DLL:      Segger\JL2CM3.dll V2.99.19.0
Dialog DLL:      TCM.DLL V1.14.8.0
 
<h2>Project:</h2>
C:\Users\huang\Desktop\实验1：蓝牙样例\examples\ble_peripheral\ble_app_template\pca10056\s140\arm5_no_packs\ble_app_template_pca10056_s140.uvprojx
Project File Date:  02/04/2021

<h2>Output:</h2>
*** Using Compiler 'V5.06 update 1 (build 61)', folder: 'D:\keil5_5\ARM\ARMCC\Bin'
Build target 'nrf52840_xxaa'
compiling main.c...
..\..\..\main.c(649): warning:  #177-D: variable "err_code" was declared but never referenced
      ret_code_t            err_code;
..\..\..\main.c(653): warning:  #177-D: variable "value" was declared but never referenced
    static  uint16_t  value = 0;
..\..\..\main.c(810): warning:  #177-D: variable "a" was declared but never referenced
  	 uint8_t a=0;
..\..\..\main.c(141): warning:  #177-D: variable "a" was declared but never referenced
  static uint16_t a = 0;
..\..\..\main.c(435): warning:  #177-D: function "services_init" was declared but never referenced
  static void services_init(void)
..\..\..\main.c(505): warning:  #177-D: function "conn_params_init" was declared but never referenced
  static void conn_params_init(void)
..\..\..\main.c(752): warning:  #177-D: function "peer_manager_init" was declared but never referenced
  static void peer_manager_init(void)
..\..\..\main.c(786): warning:  #177-D: function "delete_bonds" was declared but never referenced
  static void delete_bonds(void)
..\..\..\main.c: 8 warnings, 0 errors
linking...
Program Size: Code=31636 RO-data=3972 RW-data=532 ZI-data=12196  
FromELF: creating hex file...
".\_build\nrf52840_xxaa.axf" - 0 Error(s), 8 Warning(s).

<h2>Software Packages used:</h2>

Package Vendor: ARM
                http://www.keil.com/pack/ARM.CMSIS.4.5.0.pack
                ARM::CMSIS:CORE:4.3.0
                CMSIS (Cortex Microcontroller Software Interface Standard)
   * Component: CORE Version: 4.3.0

Package Vendor: NordicSemiconductor
                http://developer.nordicsemi.com/nRF5_SDK/pieces/nRF_DeviceFamilyPack/NordicSemiconductor.nRF_DeviceFamilyPack.8.16.0.pack
                NordicSemiconductor::Device:Startup:8.16.0
                Nordic Semiconductor nRF ARM devices Device Family Pack.
   * Component: Startup Version: 8.16.0

<h2>Collection of Component include folders:</h2>
  C:\Users\huang\Desktop\实验1：蓝牙样例\examples\ble_peripheral\ble_app_template\pca10056\s140\arm5_no_packs\RTE
  D:\keil5_5\ARM\CMSIS\4.5.0\CMSIS\Include
  D:\keil5_5\NordicSemiconductor\nRF_DeviceFamilyPack\8.16.0\Device\Include

<h2>Collection of Component Files used:</h2>

   * Component: ARM::CMSIS:CORE:4.3.0

   * Component: NordicSemiconductor::Device:Startup:8.16.0
      Source file:   Device\Source\arm\arm_startup_nrf52840.s
      Source file:   Device\Source\system_nrf52840.c
      Include file:  Device\Include\system_nrf52840.h
Build Time Elapsed:  00:00:06
</pre>
</body>
</html>
