Component: ARM Compiler 5.06 update 1 (build 61) Tool: armlink [4d35a8]

==============================================================================

Section Cross References

    main.o(i.advertising_start) refers to ble_advertising.o(i.ble_advertising_start) for ble_advertising_start
    main.o(i.advertising_start) refers to app_error.o(i.app_error_handler_bare) for app_error_handler_bare
    main.o(i.advertising_start) refers to main.o(.bss) for .bss
    main.o(i.assert_nrf_callback) refers to app_error_handler_keil.o(.emb_text) for app_error_handler
    main.o(i.ble_evt_handler) refers to nrfx_pwm.o(i.nrfx_pwm_init) for nrfx_pwm_init
    main.o(i.ble_evt_handler) refers to app_error.o(i.app_error_handler_bare) for app_error_handler_bare
    main.o(i.ble_evt_handler) refers to nrfx_pwm.o(i.nrfx_pwm_simple_playback) for nrfx_pwm_simple_playback
    main.o(i.ble_evt_handler) refers to nrf_log_frontend.o(i.nrf_log_frontend_std_0) for nrf_log_frontend_std_0
    main.o(i.ble_evt_handler) refers to nrf_log_frontend.o(i.nrf_log_frontend_hexdump) for nrf_log_frontend_hexdump
    main.o(i.ble_evt_handler) refers to main.o(.constdata) for .constdata
    main.o(i.ble_evt_handler) refers to main.o(.data) for .data
    main.o(i.ble_evt_handler) refers to nrf_log_frontend.o(log_dynamic_data) for m_nrf_log_app_logs_data_dynamic
    main.o(i.bsp_event_handler) refers to memseta.o(.text) for __aeabi_memclr4
    main.o(i.bsp_event_handler) refers to app_error.o(i.app_error_handler_bare) for app_error_handler_bare
    main.o(i.bsp_event_handler) refers to ble_advertising.o(i.ble_advertising_init) for ble_advertising_init
    main.o(i.bsp_event_handler) refers to ble_advertising.o(i.ble_advertising_conn_cfg_tag_set) for ble_advertising_conn_cfg_tag_set
    main.o(i.bsp_event_handler) refers to main.o(i.advertising_start) for advertising_start
    main.o(i.bsp_event_handler) refers to main.o(.bss) for .bss
    main.o(i.bsp_event_handler) refers to main.o(.data) for .data
    main.o(i.bsp_event_handler) refers to main.o(i.on_adv_evt) for on_adv_evt
    main.o(i.gap_params_init) refers to app_error.o(i.app_error_handler_bare) for app_error_handler_bare
    main.o(i.main) refers to nrf_log_frontend.o(i.nrf_log_init) for nrf_log_init
    main.o(i.main) refers to app_error.o(i.app_error_handler_bare) for app_error_handler_bare
    main.o(i.main) refers to nrf_log_default_backends.o(i.nrf_log_default_backends_init) for nrf_log_default_backends_init
    main.o(i.main) refers to app_timer.o(i.app_timer_init) for app_timer_init
    main.o(i.main) refers to bsp.o(i.bsp_init) for bsp_init
    main.o(i.main) refers to bsp_btn_ble.o(i.bsp_btn_ble_init) for bsp_btn_ble_init
    main.o(i.main) refers to nrf_pwr_mgmt.o(i.nrf_pwr_mgmt_init) for nrf_pwr_mgmt_init
    main.o(i.main) refers to nrf_sdh.o(i.nrf_sdh_enable_request) for nrf_sdh_enable_request
    main.o(i.main) refers to nrf_sdh_ble.o(i.nrf_sdh_ble_default_cfg_set) for nrf_sdh_ble_default_cfg_set
    main.o(i.main) refers to nrf_sdh_ble.o(i.nrf_sdh_ble_enable) for nrf_sdh_ble_enable
    main.o(i.main) refers to main.o(i.gap_params_init) for gap_params_init
    main.o(i.main) refers to nrf_ble_gatt.o(i.nrf_ble_gatt_init) for nrf_ble_gatt_init
    main.o(i.main) refers to memseta.o(.text) for __aeabi_memclr4
    main.o(i.main) refers to ble_advertising.o(i.ble_advertising_init) for ble_advertising_init
    main.o(i.main) refers to ble_advertising.o(i.ble_advertising_conn_cfg_tag_set) for ble_advertising_conn_cfg_tag_set
    main.o(i.main) refers to main.o(i.advertising_start) for advertising_start
    main.o(i.main) refers to nrf_log_frontend.o(i.nrf_log_frontend_dequeue) for nrf_log_frontend_dequeue
    main.o(i.main) refers to nrf_pwr_mgmt.o(i.nrf_pwr_mgmt_run) for nrf_pwr_mgmt_run
    main.o(i.main) refers to main.o(i.bsp_event_handler) for bsp_event_handler
    main.o(i.main) refers to main.o(.bss) for .bss
    main.o(i.main) refers to main.o(.data) for .data
    main.o(i.main) refers to main.o(i.on_adv_evt) for on_adv_evt
    main.o(i.on_adv_evt) refers to nrf_log_frontend.o(i.nrf_log_frontend_std_0) for nrf_log_frontend_std_0
    main.o(i.on_adv_evt) refers to bsp.o(i.bsp_indication_set) for bsp_indication_set
    main.o(i.on_adv_evt) refers to app_error.o(i.app_error_handler_bare) for app_error_handler_bare
    main.o(i.on_adv_evt) refers to nrf_log_frontend.o(log_dynamic_data) for m_nrf_log_app_logs_data_dynamic
    main.o(.constdata) refers to main.o(.data) for seq_values
    main.o(.data) refers to main.o(.bss) for m_scan_buffer_data
    main.o(sdh_ble_observers1) refers to nrf_ble_gatt.o(i.nrf_ble_gatt_on_ble_evt) for nrf_ble_gatt_on_ble_evt
    main.o(sdh_ble_observers1) refers to main.o(.bss) for m_gatt
    main.o(sdh_ble_observers1) refers to ble_advertising.o(i.ble_advertising_on_ble_evt) for ble_advertising_on_ble_evt
    main.o(sdh_ble_observers2) refers to nrf_ble_qwr.o(i.nrf_ble_qwr_on_ble_evt) for nrf_ble_qwr_on_ble_evt
[...]
    fds_record_write_reserved                0x00028acb   Thumb Code    12  fds.o(i.fds_record_write_reserved)
    fds_reserve                              0x00028ad9   Thumb Code    44  fds.o(i.fds_reserve)
    fds_reserve_cancel                       0x00028b09   Thumb Code    62  fds.o(i.fds_reserve_cancel)
    gcm_ble_evt_handler                      0x00028e51   Thumb Code   142  gatt_cache_manager.o(i.gcm_ble_evt_handler)
    gcm_im_evt_handler                       0x00028eed   Thumb Code    44  gatt_cache_manager.o(i.gcm_im_evt_handler)
    gcm_pdb_evt_handler                      0x00028f1d   Thumb Code   114  gatt_cache_manager.o(i.gcm_pdb_evt_handler)
    get_connection_by_conn_handle            0x00028f95   Thumb Code    48  id_manager.o(i.get_connection_by_conn_handle)
    get_free_connection                      0x00028fcd   Thumb Code    40  id_manager.o(i.get_free_connection)
    gscm_db_change_notification_done         0x00029081   Thumb Code    22  gatts_cache_manager.o(i.gscm_db_change_notification_done)
    gscm_local_db_cache_apply                0x0002909d   Thumb Code   106  gatts_cache_manager.o(i.gscm_local_db_cache_apply)
    gscm_local_db_cache_update               0x00029107   Thumb Code   130  gatts_cache_manager.o(i.gscm_local_db_cache_update)
    gscm_pdb_evt_handler                     0x00029189   Thumb Code    18  gatts_cache_manager.o(i.gscm_pdb_evt_handler)
    gscm_service_changed_ind_needed          0x000291a1   Thumb Code    30  gatts_cache_manager.o(i.gscm_service_changed_ind_needed)
    gscm_service_changed_ind_send            0x000291c1   Thumb Code    50  gatts_cache_manager.o(i.gscm_service_changed_ind_send)
    im_address_resolve                       0x00029231   Thumb Code    70  id_manager.o(i.im_address_resolve)
    im_ble_addr_get                          0x00029279   Thumb Code    42  id_manager.o(i.im_ble_addr_get)
    im_ble_evt_handler                       0x000292a9   Thumb Code   194  id_manager.o(i.im_ble_evt_handler)
    im_conn_handle_get                       0x00029371   Thumb Code    40  id_manager.o(i.im_conn_handle_get)
    im_find_duplicate_bonding_data           0x0002939d   Thumb Code    56  id_manager.o(i.im_find_duplicate_bonding_data)
    im_is_duplicate_bonding_data             0x000293d5   Thumb Code   114  id_manager.o(i.im_is_duplicate_bonding_data)
    im_master_id_is_valid                    0x00029447   Thumb Code    24  id_manager.o(i.im_master_id_is_valid)
    im_master_ids_compare                    0x0002945f   Thumb Code    42  id_manager.o(i.im_master_ids_compare)
    im_new_peer_id                           0x00029489   Thumb Code     4  id_manager.o(i.im_new_peer_id)
    im_peer_free                             0x0002948d   Thumb Code    38  id_manager.o(i.im_peer_free)
    im_peer_id_get_by_conn_handle            0x000294b5   Thumb Code    28  id_manager.o(i.im_peer_id_get_by_conn_handle)
    im_peer_id_get_by_master_id              0x000294d5   Thumb Code    60  id_manager.o(i.im_peer_id_get_by_master_id)
    is_valid_irk                             0x000297bf   Thumb Code    20  id_manager.o(i.is_valid_irk)
    main                                     0x00029be9   Thumb Code   256  main.o(i.main)
    new_connection                           0x00029ea1   Thumb Code    80  id_manager.o(i.new_connection)
    next_id_get                              0x00029f0d   Thumb Code    48  peer_id.o(i.next_id_get)
    nrf_atfifo_item_alloc                    0x00029f3d   Thumb Code    22  nrf_atfifo.o(i.nrf_atfifo_item_alloc)
    nrf_atfifo_item_free                     0x00029f53   Thumb Code    22  nrf_atfifo.o(i.nrf_atfifo_item_free)
    nrf_atfifo_item_get                      0x00029f69   Thumb Code    22  nrf_atfifo.o(i.nrf_atfifo_item_get)
    nrf_atfifo_item_put                      0x00029f7f   Thumb Code    22  nrf_atfifo.o(i.nrf_atfifo_item_put)
    nrf_atflags_clear                        0x00029f95   Thumb Code    22  nrf_atflags.o(i.nrf_atflags_clear)
    nrf_atflags_get                          0x00029fab   Thumb Code    22  nrf_atflags.o(i.nrf_atflags_get)
    nrf_atflags_set                          0x00029fc1   Thumb Code    20  nrf_atflags.o(i.nrf_atflags_set)
    nrf_atomic_flag_clear_fetch              0x00029fd5   Thumb Code     6  nrf_atomic.o(i.nrf_atomic_flag_clear_fetch)
    nrf_atomic_flag_set                      0x00029fdb   Thumb Code     6  nrf_atomic.o(i.nrf_atomic_flag_set)
    nrf_atomic_u32_add                       0x00029fe1   Thumb Code    12  nrf_atomic.o(i.nrf_atomic_u32_add)
    nrf_atomic_u32_and                       0x00029fed   Thumb Code    12  nrf_atomic.o(i.nrf_atomic_u32_and)
    nrf_atomic_u32_fetch_add                 0x00029ff9   Thumb Code    10  nrf_atomic.o(i.nrf_atomic_u32_fetch_add)
    nrf_atomic_u32_fetch_and                 0x0002a003   Thumb Code    10  nrf_atomic.o(i.nrf_atomic_u32_fetch_and)
    nrf_atomic_u32_fetch_store               0x0002a00d   Thumb Code    10  nrf_atomic.o(i.nrf_atomic_u32_fetch_store)
    nrf_atomic_u32_or                        0x0002a017   Thumb Code    12  nrf_atomic.o(i.nrf_atomic_u32_or)
    nrf_atomic_u32_sub                       0x0002a023   Thumb Code    12  nrf_atomic.o(i.nrf_atomic_u32_sub)
    nrf_balloc_alloc                         0x0002a02f   Thumb Code    68  nrf_balloc.o(i.nrf_balloc_alloc)
    nrf_balloc_free                          0x0002a073   Thumb Code    48  nrf_balloc.o(i.nrf_balloc_free)
    nrf_balloc_init                          0x0002a0a3   Thumb Code    48  nrf_balloc.o(i.nrf_balloc_init)
    nrf_ble_gatt_init                        0x0002a0f7   Thumb Code    34  nrf_ble_gatt.o(i.nrf_ble_gatt_init)
    nrf_ble_gatt_on_ble_evt                  0x0002a119   Thumb Code   266  nrf_ble_gatt.o(i.nrf_ble_gatt_on_ble_evt)
    nrf_ble_qwr_on_ble_evt                   0x0002a261   Thumb Code   182  nrf_ble_qwr.o(i.nrf_ble_qwr_on_ble_evt)
    nrf_drv_clock_init                       0x0002a335   Thumb Code    48  nrf_drv_clock.o(i.nrf_drv_clock_init)
    nrf_drv_clock_lfclk_release              0x0002a36d   Thumb Code    42  nrf_drv_clock.o(i.nrf_drv_clock_lfclk_release)
    nrf_fprintf                              0x0002a39d   Thumb Code    26  nrf_fprintf.o(i.nrf_fprintf)
    nrf_fprintf_buffer_flush                 0x0002a3b7   Thumb Code    24  nrf_fprintf.o(i.nrf_fprintf_buffer_flush)
    nrf_fprintf_fmt                          0x0002a3cf   Thumb Code   474  nrf_fprintf_format.o(i.nrf_fprintf_fmt)
    nrf_fstorage_erase                       0x0002a5a9   Thumb Code   178  nrf_fstorage.o(i.nrf_fstorage_erase)
    nrf_fstorage_is_busy                     0x0002a6d5   Thumb Code    70  nrf_fstorage.o(i.nrf_fstorage_is_busy)
    nrf_fstorage_sdh_req_handler             0x0002a725   Thumb Code    18  nrf_fstorage_sd.o(i.nrf_fstorage_sdh_req_handler)
    nrf_fstorage_sdh_state_handler           0x0002a73d   Thumb Code    28  nrf_fstorage_sd.o(i.nrf_fstorage_sdh_state_handler)
    nrf_fstorage_sys_evt_handler             0x0002a75d   Thumb Code   154  nrf_fstorage_sd.o(i.nrf_fstorage_sys_evt_handler)
    nrf_fstorage_write                       0x0002a801   Thumb Code   238  nrf_fstorage.o(i.nrf_fstorage_write)
    nrf_log_backend_add                      0x0002ab49   Thumb Code    74  nrf_log_frontend.o(i.nrf_log_backend_add)
    nrf_log_backend_rtt_init                 0x0002ab9b   Thumb Code     4  nrf_log_backend_rtt.o(i.nrf_log_backend_rtt_init)
    nrf_log_backend_serial_put               0x0002abb9   Thumb Code   200  nrf_log_backend_serial.o(i.nrf_log_backend_serial_put)
    nrf_log_color_id_get                     0x0002ac81   Thumb Code    42  nrf_log_frontend.o(i.nrf_log_color_id_get)
    nrf_log_default_backends_init            0x0002acb1   Thumb Code    22  nrf_log_default_backends.o(i.nrf_log_default_backends_init)
    nrf_log_frontend_dequeue                 0x0002accd   Thumb Code   510  nrf_log_frontend.o(i.nrf_log_frontend_dequeue)
    nrf_log_frontend_hexdump                 0x0002aeed   Thumb Code   164  nrf_log_frontend.o(i.nrf_log_frontend_hexdump)
    nrf_log_frontend_std_0                   0x0002af95   Thumb Code     8  nrf_log_frontend.o(i.nrf_log_frontend_std_0)
    nrf_log_frontend_std_1                   0x0002af9d   Thumb Code    14  nrf_log_frontend.o(i.nrf_log_frontend_std_1)
    nrf_log_frontend_std_2                   0x0002afab   Thumb Code    16  nrf_log_frontend.o(i.nrf_log_frontend_std_2)
    nrf_log_frontend_std_3                   0x0002afbb   Thumb Code    18  nrf_log_frontend.o(i.nrf_log_frontend_std_3)
    nrf_log_hexdump_entry_process            0x0002afcd   Thumb Code   146  nrf_log_str_formatter.o(i.nrf_log_hexdump_entry_process)
    nrf_log_init                             0x0002b079   Thumb Code    66  nrf_log_frontend.o(i.nrf_log_init)
    nrf_log_module_cnt_get                   0x0002b0d1   Thumb Code    10  nrf_log_frontend.o(i.nrf_log_module_cnt_get)
    nrf_log_module_name_get                  0x0002b0e5   Thumb Code    24  nrf_log_frontend.o(i.nrf_log_module_name_get)
    nrf_log_panic                            0x0002b101   Thumb Code    34  nrf_log_frontend.o(i.nrf_log_panic)
    nrf_log_std_entry_process                0x0002b129   Thumb Code   182  nrf_log_str_formatter.o(i.nrf_log_std_entry_process)
    nrf_memobj_alloc                         0x0002b1df   Thumb Code    96  nrf_memobj.o(i.nrf_memobj_alloc)
    nrf_memobj_free                          0x0002b23f   Thumb Code    50  nrf_memobj.o(i.nrf_memobj_free)
    nrf_memobj_get                           0x0002b271   Thumb Code     8  nrf_memobj.o(i.nrf_memobj_get)
    nrf_memobj_pool_init                     0x0002b279   Thumb Code     4  nrf_memobj.o(i.nrf_memobj_pool_init)
    nrf_memobj_put                           0x0002b27d   Thumb Code    30  nrf_memobj.o(i.nrf_memobj_put)
    nrf_memobj_read                          0x0002b29b   Thumb Code    12  nrf_memobj.o(i.nrf_memobj_read)
    nrf_memobj_write                         0x0002b2a7   Thumb Code    12  nrf_memobj.o(i.nrf_memobj_write)
    nrf_pwr_mgmt_init                        0x0002b2e9   Thumb Code    28  nrf_pwr_mgmt.o(i.nrf_pwr_mgmt_init)
    nrf_pwr_mgmt_run                         0x0002b311   Thumb Code    64  nrf_pwr_mgmt.o(i.nrf_pwr_mgmt_run)
    nrf_sdh_ble_app_ram_start_get            0x0002b355   Thumb Code    16  nrf_sdh_ble.o(i.nrf_sdh_ble_app_ram_start_get)
    nrf_sdh_ble_default_cfg_set              0x0002b369   Thumb Code   240  nrf_sdh_ble.o(i.nrf_sdh_ble_default_cfg_set)
    nrf_sdh_ble_enable                       0x0002b471   Thumb Code   116  nrf_sdh_ble.o(i.nrf_sdh_ble_enable)
    nrf_sdh_disable_request                  0x0002b5f9   Thumb Code    80  nrf_sdh.o(i.nrf_sdh_disable_request)
    nrf_sdh_enable_request                   0x0002b64d   Thumb Code   102  nrf_sdh.o(i.nrf_sdh_enable_request)
    nrf_sdh_evts_poll                        0x0002b6c1   Thumb Code    32  nrf_sdh.o(i.nrf_sdh_evts_poll)
    nrf_sdh_is_enabled                       0x0002b6e5   Thumb Code     6  nrf_sdh.o(i.nrf_sdh_is_enabled)
    nrf_sdh_request_continue                 0x0002b6f1   Thumb Code    22  nrf_sdh.o(i.nrf_sdh_request_continue)
    nrf_section_iter_init                    0x0002b749   Thumb Code    10  nrf_section_iter.o(i.nrf_section_iter_init)
    nrf_section_iter_next                    0x0002b777   Thumb Code    32  nrf_section_iter.o(i.nrf_section_iter_next)
    nrf_strerror_find                        0x0002b799   Thumb Code    52  nrf_strerror.o(i.nrf_strerror_find)
    nrf_strerror_get                         0x0002b7d1   Thumb Code    14  nrf_strerror.o(i.nrf_strerror_get)
    nrfx_clock_enable                        0x0002b7e5   Thumb Code    36  nrfx_clock.o(i.nrfx_clock_enable)
    nrfx_clock_init                          0x0002b811   Thumb Code    26  nrfx_clock.o(i.nrfx_clock_init)
    nrfx_clock_lfclk_stop                    0x0002b831   Thumb Code    20  nrfx_clock.o(i.nrfx_clock_lfclk_stop)
    nrfx_gpiote_in_event_enable              0x0002b85d   Thumb Code   144  nrfx_gpiote.o(i.nrfx_gpiote_in_event_enable)
    nrfx_gpiote_in_init                      0x0002b8f5   Thumb Code   200  nrfx_gpiote.o(i.nrfx_gpiote_in_init)
    nrfx_gpiote_in_is_set                    0x0002b9c9   Thumb Code    14  nrfx_gpiote.o(i.nrfx_gpiote_in_is_set)
    nrfx_gpiote_init                         0x0002b9d9   Thumb Code   104  nrfx_gpiote.o(i.nrfx_gpiote_init)
    nrfx_gpiote_is_init                      0x0002ba4d   Thumb Code    14  nrfx_gpiote.o(i.nrfx_gpiote_is_init)
    nrfx_pwm_init                            0x0002ba61   Thumb Code   210  nrfx_pwm.o(i.nrfx_pwm_init)
    nrfx_pwm_simple_playback                 0x0002bb39   Thumb Code   106  nrfx_pwm.o(i.nrfx_pwm_simple_playback)
    pdb_next_deleted_peer_id_get             0x0002bdf5   Thumb Code     4  peer_database.o(i.pdb_next_deleted_peer_id_get)
    pdb_next_peer_id_get                     0x0002bdf9   Thumb Code     4  peer_database.o(i.pdb_next_peer_id_get)
    pdb_pds_evt_handler                      0x0002bdfd   Thumb Code   108  peer_database.o(i.pdb_pds_evt_handler)
    pdb_peer_allocate                        0x0002be71   Thumb Code     4  peer_database.o(i.pdb_peer_allocate)
    pdb_peer_data_load                       0x0002be75   Thumb Code    16  peer_database.o(i.pdb_peer_data_load)
    pdb_peer_data_ptr_get                    0x0002be85   Thumb Code     6  peer_database.o(i.pdb_peer_data_ptr_get)
    pdb_peer_free                            0x0002be8b   Thumb Code    68  peer_database.o(i.pdb_peer_free)
    pdb_raw_store                            0x0002becf   Thumb Code     8  peer_database.o(i.pdb_raw_store)
    pdb_write_buf_get                        0x0002bed9   Thumb Code   190  peer_database.o(i.pdb_write_buf_get)
    pdb_write_buf_release                    0x0002bf9d   Thumb Code    40  peer_database.o(i.pdb_write_buf_release)
    pdb_write_buf_store                      0x0002bfc5   Thumb Code    40  peer_database.o(i.pdb_write_buf_store)
    pdb_write_buf_store_prepare              0x0002bfed   Thumb Code    98  peer_database.o(i.pdb_write_buf_store_prepare)
    pds_next_deleted_peer_id_get             0x0002c065   Thumb Code     4  peer_data_storage.o(i.pds_next_deleted_peer_id_get)
    pds_next_peer_id_get                     0x0002c069   Thumb Code     4  peer_data_storage.o(i.pds_next_peer_id_get)
    pds_peer_data_iterate                    0x0002c06d   Thumb Code    84  peer_data_storage.o(i.pds_peer_data_iterate)
    pds_peer_data_iterate_prepare            0x0002c0c5   Thumb Code    10  peer_data_storage.o(i.pds_peer_data_iterate_prepare)
    pds_peer_data_read                       0x0002c0d5   Thumb Code   104  peer_data_storage.o(i.pds_peer_data_read)
    pds_peer_data_store                      0x0002c13d   Thumb Code   150  peer_data_storage.o(i.pds_peer_data_store)
    pds_peer_id_allocate                     0x0002c1d3   Thumb Code     8  peer_data_storage.o(i.pds_peer_id_allocate)
    pds_peer_id_free                         0x0002c1db   Thumb Code    22  peer_data_storage.o(i.pds_peer_id_free)
    pds_peer_id_is_allocated                 0x0002c1f1   Thumb Code     4  peer_data_storage.o(i.pds_peer_id_is_allocated)
    pds_space_reserve                        0x0002c1f5   Thumb Code    46  peer_data_storage.o(i.pds_space_reserve)
    pds_space_reserve_cancel                 0x0002c223   Thumb Code    16  peer_data_storage.o(i.pds_space_reserve_cancel)
    peer_id_allocate                         0x0002c32d   Thumb Code     6  peer_id.o(i.peer_id_allocate)
    peer_id_delete                           0x0002c339   Thumb Code    32  peer_id.o(i.peer_id_delete)
    peer_id_free                             0x0002c35d   Thumb Code    24  peer_id.o(i.peer_id_free)
    peer_id_get_next_deleted                 0x0002c379   Thumb Code     6  peer_id.o(i.peer_id_get_next_deleted)
    peer_id_get_next_used                    0x0002c385   Thumb Code    42  peer_id.o(i.peer_id_get_next_used)
    peer_id_is_allocated                     0x0002c3b5   Thumb Code    16  peer_id.o(i.peer_id_is_allocated)
    peer_id_is_deleted                       0x0002c3c9   Thumb Code    16  peer_id.o(i.peer_id_is_deleted)
    pm_buffer_block_acquire                  0x0002c441   Thumb Code    92  pm_buffer.o(i.pm_buffer_block_acquire)
    pm_buffer_ptr_get                        0x0002c49d   Thumb Code    40  pm_buffer.o(i.pm_buffer_ptr_get)
    pm_buffer_release                        0x0002c4c5   Thumb Code    46  pm_buffer.o(i.pm_buffer_release)
    pm_gcm_evt_handler                       0x0002c4f3   Thumb Code     4  peer_manager.o(i.pm_gcm_evt_handler)
    pm_im_evt_handler                        0x0002c4f7   Thumb Code     4  peer_manager.o(i.pm_im_evt_handler)
    pm_mutex_lock                            0x0002c4fb   Thumb Code    26  pm_mutex.o(i.pm_mutex_lock)
    pm_mutex_lock_first_available            0x0002c515   Thumb Code    54  pm_mutex.o(i.pm_mutex_lock_first_available)
    pm_mutex_lock_status_get                 0x0002c54b   Thumb Code    24  pm_mutex.o(i.pm_mutex_lock_status_get)
    pm_mutex_unlock                          0x0002c563   Thumb Code    58  pm_mutex.o(i.pm_mutex_unlock)
    pm_pdb_evt_handler                       0x0002c59d   Thumb Code   276  peer_manager.o(i.pm_pdb_evt_handler)
    pm_peer_ranks_get                        0x0002c6b5   Thumb Code   176  peer_manager.o(i.pm_peer_ranks_get)
    pm_sm_evt_handler                        0x0002c76d   Thumb Code    10  peer_manager.o(i.pm_sm_evt_handler)
    sm_ble_evt_handler                       0x0002d155   Thumb Code    22  security_manager.o(i.sm_ble_evt_handler)
    sm_pdb_evt_handler                       0x0002d175   Thumb Code    76  security_manager.o(i.sm_pdb_evt_handler)
    sm_smd_evt_handler                       0x0002d1cd   Thumb Code    92  security_manager.o(i.sm_smd_evt_handler)
    smd_ble_evt_handler                      0x0002d22d   Thumb Code   234  security_dispatcher.o(i.smd_ble_evt_handler)
    smd_link_secure                          0x0002d321   Thumb Code    34  security_dispatcher.o(i.smd_link_secure)
    smd_params_reply                         0x0002d345   Thumb Code   242  security_dispatcher.o(i.smd_params_reply)
    write_buf_store                          0x0002da19   Thumb Code   124  peer_database.o(i.write_buf_store)
    nrf_log_backend_rtt_api                  0x0002e110   Data          12  nrf_log_backend_rtt.o(.constdata)
    m_ram_start                              0x0002e1a0   Data           4  nrf_sdh_ble.o(.constdata)
    __ctype_table                            0x0002e1cc   Data         129  ctype_o.o(.constdata)
    Region$$Table$$Base                      0x0002e9d8   Number         0  anon$$obj.o(Region$$Table)
    Region$$Table$$Limit                     0x0002e9f8   Number         0  anon$$obj.o(Region$$Table)
    log_const_data$$Base                     0x0002e9f8   Number         0  nrf_ble_gatt.o(log_const_data)
    m_nrf_log_nrf_ble_gatt_logs_data_const   0x0002e9f8   Data           8  nrf_ble_gatt.o(log_const_data)
    m_nrf_log_clock_logs_data_const          0x0002ea00   Data           8  nrf_drv_clock.o(log_const_data)
    m_nrf_log_CLOCK_logs_data_const          0x0002ea08   Data           8  nrfx_clock.o(log_const_data)
    m_nrf_log_GPIOTE_logs_data_const         0x0002ea10   Data           8  nrfx_gpiote.o(log_const_data)
    m_nrf_log_PRS_logs_data_const            0x0002ea18   Data           8  nrfx_prs.o(log_const_data)
    m_nrf_log_UART_logs_data_const           0x0002ea20   Data           8  nrfx_uart.o(log_const_data)
    m_nrf_log_UARTE_logs_data_const          0x0002ea28   Data           8  nrfx_uarte.o(log_const_data)
    m_nrf_log_PWM_logs_data_const            0x0002ea30   Data           8  nrfx_pwm.o(log_const_data)
    m_nrf_log_atfifo_m_queue_logs_data_const 0x0002ea38   Data           8  fds.o(log_const_data)
    m_nrf_log_nrf_fstorage_logs_data_const   0x0002ea40   Data           8  nrf_fstorage.o(log_const_data)
    m_nrf_log_atfifo_m_fifo_logs_data_const  0x0002ea48   Data           8  nrf_fstorage_sd.o(log_const_data)
    m_nrf_log_pwr_mgmt_logs_data_const       0x0002ea50   Data           8  nrf_pwr_mgmt.o(log_const_data)
    m_nrf_log_balloc_log_mempool_logs_data_const 0x0002ea58   Data           8  nrf_log_frontend.o(log_const_data)
    m_nrf_log_app_logs_data_const            0x0002ea60   Data           8  nrf_log_frontend.o(log_const_data)
    m_nrf_log_nrf_sdh_logs_data_const        0x0002ea68   Data           8  nrf_sdh.o(log_const_data)
    m_nrf_log_nrf_sdh_ble_logs_data_const    0x0002ea70   Data           8  nrf_sdh_ble.o(log_const_data)
    m_nrf_log_nrf_sdh_soc_logs_data_const    0x0002ea78   Data           8  nrf_sdh_soc.o(log_const_data)
    log_const_data$$Limit                    0x0002ea80   Number         0  nrf_sdh_soc.o(log_const_data)
    log_mempool                              0x0002ea80   Data          24  nrf_log_frontend.o(nrf_balloc)
    sdh_ble_observers0$$Base                 0x0002ea98   Number         0  ble_conn_state.o(sdh_ble_observers0)
    sdh_ble_observers0$$Limit                0x0002eaa0   Number         0  ble_conn_state.o(sdh_ble_observers0)
    sdh_ble_observers1$$Base                 0x0002eaa0   Number         0  main.o(sdh_ble_observers1)
    sdh_ble_observers1$$Limit                0x0002eac8   Number         0  peer_manager.o(sdh_ble_observers1)
    sdh_ble_observers2$$Base                 0x0002eac8   Number         0  main.o(sdh_ble_observers2)
    sdh_ble_observers2$$Limit                0x0002ead0   Number         0  main.o(sdh_ble_observers2)
    sdh_ble_observers3$$Base                 0x0002ead0   Number         0  main.o(sdh_ble_observers3)
    m_req_obs                                0x0002ead8   Data           8  nrf_fstorage_sd.o(sdh_req_observers0)
    sdh_ble_observers3$$Limit                0x0002ead8   Number         0  main.o(sdh_ble_observers3)
    sdh_req_observers0$$Base                 0x0002ead8   Number         0  nrf_fstorage_sd.o(sdh_req_observers0)
    sdh_req_observers0$$Limit                0x0002eae0   Number         0  nrf_fstorage_sd.o(sdh_req_observers0)
    sdh_soc_observers0$$Base                 0x0002eae0   Number         0  nrf_drv_clock.o(sdh_soc_observers0)
    sdh_soc_observers0$$Limit                0x0002eaf0   Number         0  nrf_fstorage_sd.o(sdh_soc_observers0)
    sdh_soc_observers1$$Base                 0x0002eaf0   Number         0  main.o(sdh_soc_observers1)
    sdh_soc_observers1$$Limit                0x0002eaf8   Number         0  main.o(sdh_soc_observers1)
    sdh_stack_observers0$$Base               0x0002eaf8   Number         0  nrf_sdh_ble.o(sdh_stack_observers0)
    sdh_stack_observers0$$Limit              0x0002eb08   Number         0  nrf_sdh_soc.o(sdh_stack_observers0)
    sdh_state_observers0$$Base               0x0002eb08   Number         0  nrf_drv_clock.o(sdh_state_observers0)
    sdh_state_observers0$$Limit              0x0002eb18   Number         0  nrf_fstorage_sd.o(sdh_state_observers0)
    Image$$RW_IRAM1$$Base                    0x20002210   Number         0  anon$$obj.o ABSOLUTE
    my_adv_manuf_data                        0x20002211   Data           3  main.o(.data)
    i                                        0x20002218   Data           4  main.o(.data)
    j                                        0x2000221c   Data           4  main.o(.data)
    SystemCoreClock                          0x200023c8   Data           4  system_nrf52840.o(.data)
    fs_data$$Base                            0x200023cc   Number         0  fds.o(fs_data)
    m_fs                                     0x200023cc   Data          20  fds.o(fs_data)
    fs_data$$Limit                           0x200023e0   Number         0  fds.o(fs_data)
    log_dynamic_data$$Base                   0x200023e0   Number         0  nrf_ble_gatt.o(log_dynamic_data)
    m_nrf_log_nrf_ble_gatt_logs_data_dynamic 0x200023e0   Data           4  nrf_ble_gatt.o(log_dynamic_data)
    m_nrf_log_clock_logs_data_dynamic        0x200023e4   Data           4  nrf_drv_clock.o(log_dynamic_data)
    m_nrf_log_CLOCK_logs_data_dynamic        0x200023e8   Data           4  nrfx_clock.o(log_dynamic_data)
    m_nrf_log_GPIOTE_logs_data_dynamic       0x200023ec   Data           4  nrfx_gpiote.o(log_dynamic_data)
    m_nrf_log_PRS_logs_data_dynamic          0x200023f0   Data           4  nrfx_prs.o(log_dynamic_data)
    m_nrf_log_UART_logs_data_dynamic         0x200023f4   Data           4  nrfx_uart.o(log_dynamic_data)
    m_nrf_log_UARTE_logs_data_dynamic        0x200023f8   Data           4  nrfx_uarte.o(log_dynamic_data)
    m_nrf_log_PWM_logs_data_dynamic          0x200023fc   Data           4  nrfx_pwm.o(log_dynamic_data)
    m_nrf_log_atfifo_m_queue_logs_data_dynamic 0x20002400   Data           4  fds.o(log_dynamic_data)
    m_nrf_log_nrf_fstorage_logs_data_dynamic 0x20002404   Data           4  nrf_fstorage.o(log_dynamic_data)
    m_nrf_log_atfifo_m_fifo_logs_data_dynamic 0x20002408   Data           4  nrf_fstorage_sd.o(log_dynamic_data)
    m_nrf_log_pwr_mgmt_logs_data_dynamic     0x2000240c   Data           4  nrf_pwr_mgmt.o(log_dynamic_data)
    m_nrf_log_balloc_log_mempool_logs_data_dynamic 0x20002410   Data           4  nrf_log_frontend.o(log_dynamic_data)
    m_nrf_log_app_logs_data_dynamic          0x20002414   Data           4  nrf_log_frontend.o(log_dynamic_data)
    m_nrf_log_nrf_sdh_logs_data_dynamic      0x20002418   Data           4  nrf_sdh.o(log_dynamic_data)
    m_nrf_log_nrf_sdh_ble_logs_data_dynamic  0x2000241c   Data           4  nrf_sdh_ble.o(log_dynamic_data)
    m_nrf_log_nrf_sdh_soc_logs_data_dynamic  0x20002420   Data           4  nrf_sdh_soc.o(log_dynamic_data)
    nrf_nvic_state                           0x20002a80   Data          12  app_util_platform.o(.bss)
    _SEGGER_RTT                              0x2000313c   Data         120  segger_rtt.o(.bss)
    __initial_sp                             0x200053c8   Data           0  arm_startup_nrf52840.o(STACK)



==============================================================================

Memory Map of the image

  Image Entry point : 0x00026201

  Load Region LR_IROM1 (Base: 0x00026000, Size: 0x00008d2c, Max: 0x000da000, ABSOLUTE, COMPRESSED[0x00008b88])

    Execution Region ER_IROM1 (Base: 0x00026000, Size: 0x00008b18, Max: 0x000da000, ABSOLUTE)

    Base Addr    Size         Type   Attr      Idx    E Section Name        Object

    0x00026000   0x00000200   Data   RO         6590    RESET               arm_startup_nrf52840.o
    0x00026200   0x00000000   Code   RO         6631  * .ARM.Collect$$$$00000000  mc_w.l(entry.o)
    0x00026200   0x00000004   Code   RO         6685    .ARM.Collect$$$$00000001  mc_w.l(entry2.o)
    0x00026204   0x00000004   Code   RO         6688    .ARM.Collect$$$$00000004  mc_w.l(entry5.o)
    0x00026208   0x00000000   Code   RO         6690    .ARM.Collect$$$$00000008  mc_w.l(entry7b.o)
    0x00026208   0x00000000   Code   RO         6692    .ARM.Collect$$$$0000000A  mc_w.l(entry8b.o)
    0x00026208   0x00000008   Code   RO         6693    .ARM.Collect$$$$0000000B  mc_w.l(entry9a.o)
    0x00026210   0x00000000   Code   RO         6695    .ARM.Collect$$$$0000000D  mc_w.l(entry10a.o)
    0x00026210   0x00000000   Code   RO         6697    .ARM.Collect$$$$0000000F  mc_w.l(entry11a.o)
    0x00026210   0x00000004   Code   RO         6686    .ARM.Collect$$$$00002712  mc_w.l(entry2.o)
    0x00026214   0x000000c8   Code   RO         4807    .emb_text           nrf_atfifo.o
    0x000262dc   0x000000e2   Code   RO         4943    .emb_text           nrf_atomic.o
    0x000263be   0x00000002   PAD
    0x000263c0   0x00000024   Code   RO         6591    .text               arm_startup_nrf52840.o
    0x000263e4   0x00000062   Code   RO         6639    .text               mc_w.l(uldiv.o)
    0x00026446   0x0000001e   Code   RO         6641    .text               mc_w.l(llshl.o)
    0x00026464   0x00000008   Code   RO         6643    .text               mc_w.l(ctype_o.o)
    0x0002646c   0x00000024   Code   RO         6671    .text               mc_w.l(memcpya.o)
    0x00026490   0x00000024   Code   RO         6673    .text               mc_w.l(memseta.o)
    0x000264b4   0x0000000e   Code   RO         6675    .text               mc_w.l(strlen.o)
    0x000264c2   0x0000001a   Code   RO         6679    .text               mc_w.l(memcmp.o)
    0x000264dc   0x00000012   Code   RO         6681    .text               mc_w.l(strcpy.o)
    0x000264ee   0x00000020   Code   RO         6700    .text               mc_w.l(llushr.o)
    0x0002650e   0x00000002   PAD
    0x00026510   0x00000024   Code   RO         6703    .text               mc_w.l(init.o)
    0x00026534   0x00000056   Code   RO         6713    .text               mc_w.l(__dczerorl2.o)
    0x0002658a   0x00000002   PAD
    0x0002658c   0x000001b4   Code   RO         3098    i.GPIOTE_IRQHandler  nrfx_gpiote.o
    0x00026740   0x00000016   Code   RO         4174    i.NVIC_ClearPendingIRQ  app_timer.o
    0x00026756   0x00000016   Code   RO         4175    i.NVIC_EnableIRQ    app_timer.o
    0x0002676c   0x00000016   Code   RO         4176    i.NVIC_SetPendingIRQ  app_timer.o
    0x00026782   0x00000020   Code   RO         4177    i.NVIC_SetPriority  app_timer.o
    0x000267a2   0x00000002   PAD
    0x000267a4   0x00000058   Code   RO         2966    i.POWER_CLOCK_IRQHandler  nrfx_clock.o
    0x000267fc   0x00000010   Code   RO         3828    i.PWM0_IRQHandler   nrfx_pwm.o
    0x0002680c   0x00000010   Code   RO         3829    i.PWM1_IRQHandler   nrfx_pwm.o
    0x0002681c   0x00000010   Code   RO         3830    i.PWM2_IRQHandler   nrfx_pwm.o
    0x0002682c   0x00000024   Code   RO         4178    i.RTC1_IRQHandler   app_timer.o
    0x00026850   0x00000004   Code   RO         6039    i.SEGGER_RTT_Init   segger_rtt.o
    0x00026854   0x0000005c   Code   RO         6053    i.SEGGER_RTT_WriteNoLock  segger_rtt.o
    0x000268b0   0x00000004   Code   RO         4179    i.SWI0_EGU0_IRQHandler  app_timer.o
    0x000268b4   0x00000004   Code   RO         6387    i.SWI2_EGU2_IRQHandler  nrf_sdh.o
    0x000268b8   0x000001dc   Code   RO         6599    i.SystemInit        system_nrf52840.o
    0x00026a94   0x0000000c   Code   RO         3417    i.UARTE0_UART0_IRQHandler  nrfx_prs.o
    0x00026aa0   0x00000068   Code   RO         6057    i._DoInit           segger_rtt.o
    0x00026b08   0x00000016   Code   RO         6058    i._GetAvailWriteSpace  segger_rtt.o
    0x00026b1e   0x0000005a   Code   RO         6060    i._WriteBlocking    segger_rtt.o
    0x00026b78   0x00000042   Code   RO         6061    i._WriteNoCheck     segger_rtt.o
    0x00026bba   0x0000000e   Code   RO         6707    i.__scatterload_copy  mc_w.l(handlers.o)
    0x00026bc8   0x00000002   Code   RO         6708    i.__scatterload_null  mc_w.l(handlers.o)
    0x00026bca   0x0000000e   Code   RO         6709    i.__scatterload_zeroinit  mc_w.l(handlers.o)
    0x00026bd8   0x00000024   Code   RO         6388    i.__sd_nvic_app_accessible_irq  nrf_sdh.o
    0x00026bfc   0x00000026   Code   RO         1383    i.addr_compare      id_manager.o
    0x00026c22   0x0000000c   Code   RO         5195    i.addr_is_aligned32  nrf_fstorage.o
    0x00026c2e   0x00000018   Code   RO         5196    i.addr_is_within_bounds  nrf_fstorage.o
    0x00026c46   0x00000046   Code   RO          609    i.advertising_buttons_configure  bsp_btn_ble.o
    0x00026c8c   0x0000001c   Code   RO            4    i.advertising_start  main.o
    0x00026ca8   0x00000052   Code   RO         1384    i.ah                id_manager.o
    0x00026cfa   0x00000006   Code   RO          492    i.alert_timer_handler  bsp.o
    0x00026d00   0x0000000c   Code   RO         2490    i.allow_repairing   security_dispatcher.o
    0x00026d0c   0x00000024   Code   RO         3956    i.app_button_enable  app_button.o
    0x00026d30   0x00000078   Code   RO         3957    i.app_button_init   app_button.o
    0x00026da8   0x0000007c   Code   RO         4080    i.app_error_fault_handler  app_error_weak.o
    0x00026e24   0x00000016   Code   RO         4020    i.app_error_handler_bare  app_error.o
    0x00026e3a   0x00000002   PAD
    0x00026e3c   0x00000024   Code   RO         4182    i.app_timer_create  app_timer.o
    0x00026e60   0x00000054   Code   RO         4183    i.app_timer_init    app_timer.o
    0x00026eb4   0x00000088   Code   RO         4186    i.app_timer_start   app_timer.o
    0x00026f3c   0x00000020   Code   RO         4187    i.app_timer_stop    app_timer.o
    0x00026f5c   0x00000048   Code   RO         4347    i.app_util_critical_region_enter  app_util_platform.o
    0x00026fa4   0x00000034   Code   RO         4348    i.app_util_critical_region_exit  app_util_platform.o
    0x00026fd8   0x00000004   Code   RO         1179    i.apply_pending_handle  gatt_cache_manager.o
    0x00026fdc   0x000000d0   Code   RO         2491    i.auth_status_success_process  security_dispatcher.o
    0x000270ac   0x00000182   Code   RO          685    i.ble_advdata_encode  ble_advdata.o
    0x0002722e   0x00000020   Code   RO          687    i.ble_advdata_parse  ble_advdata.o
    0x0002724e   0x00000038   Code   RO          688    i.ble_advdata_search  ble_advdata.o
    0x00027286   0x00000006   Code   RO          791    i.ble_advertising_conn_cfg_tag_set  ble_advertising.o
    0x0002728c   0x000000ea   Code   RO          792    i.ble_advertising_init  ble_advertising.o
    0x00027376   0x0000006a   Code   RO          794    i.ble_advertising_on_ble_evt  ble_advertising.o
    0x000273e0   0x00000030   Code   RO          795    i.ble_advertising_on_sys_evt  ble_advertising.o
    0x00027410   0x00000236   Code   RO          798    i.ble_advertising_start  ble_advertising.o
    0x00027646   0x00000002   PAD
    0x00027648   0x00000020   Code   RO          961    i.ble_conn_state_encrypted  ble_conn_state.o
    0x00027668   0x0000002c   Code   RO          963    i.ble_conn_state_for_each_set_user_flag  ble_conn_state.o
    0x00027694   0x00000024   Code   RO          968    i.ble_conn_state_role  ble_conn_state.o
    0x000276b8   0x00000030   Code   RO          971    i.ble_conn_state_user_flag_get  ble_conn_state.o
    0x000276e8   0x00000040   Code   RO          972    i.ble_conn_state_user_flag_set  ble_conn_state.o
    0x00027728   0x00000014   Code   RO          973    i.ble_conn_state_valid  ble_conn_state.o
    0x0002773c   0x00000060   Code   RO          691    i.ble_device_addr_encode  ble_advdata.o
    0x0002779c   0x000000f4   Code   RO            6    i.ble_evt_handler   main.o
    0x00027890   0x00000070   Code   RO          610    i.ble_evt_handler   bsp_btn_ble.o
    0x00027900   0x000000fc   Code   RO          887    i.ble_evt_handler   ble_conn_params.o
    0x000279fc   0x00000104   Code   RO          974    i.ble_evt_handler   ble_conn_state.o
    0x00027b00   0x00000028   Code   RO         2114    i.ble_evt_handler   peer_manager.o
    0x00027b28   0x00000008   Code   RO         1119    i.ble_srv_is_notification_enabled  ble_srv_common.o
    0x00027b30   0x00000028   Code   RO          378    i.bsp_board_button_state_get  boards.o
    0x00027b58   0x00000054   Code   RO          379    i.bsp_board_init    boards.o
    0x00027bac   0x0000002c   Code   RO          381    i.bsp_board_led_invert  boards.o
    0x00027bd8   0x00000010   Code   RO          382    i.bsp_board_led_off  boards.o
    0x00027be8   0x00000010   Code   RO          383    i.bsp_board_led_on  boards.o
    0x00027bf8   0x00000028   Code   RO          384    i.bsp_board_led_state_get  boards.o
    0x00027c20   0x00000012   Code   RO          385    i.bsp_board_leds_off  boards.o
    0x00027c32   0x00000012   Code   RO          386    i.bsp_board_leds_on  boards.o
    0x00027c44   0x00000024   Code   RO          387    i.bsp_board_pin_to_button_idx  boards.o
    0x00027c68   0x0000002c   Code   RO          611    i.bsp_btn_ble_init  bsp_btn_ble.o
    0x00027c94   0x00000090   Code   RO          493    i.bsp_button_event_handler  bsp.o
    0x00027d24   0x0000000c   Code   RO          494    i.bsp_button_is_pressed  bsp.o
    0x00027d30   0x00000104   Code   RO            7    i.bsp_event_handler  main.o
    0x00027e34   0x00000044   Code   RO          497    i.bsp_event_to_button_action_assign  bsp.o
    0x00027e78   0x00000018   Code   RO          498    i.bsp_indication_set  bsp.o
    0x00027e90   0x00000094   Code   RO          499    i.bsp_init          bsp.o
    0x00027f24   0x000001b8   Code   RO          500    i.bsp_led_indication  bsp.o
    0x000280dc   0x00000090   Code   RO         5793    i.buf_prealloc      nrf_log_frontend.o
    0x0002816c   0x0000001e   Code   RO         5155    i.buffer_add        nrf_fprintf_format.o
    0x0002818a   0x00000002   PAD
    0x0002818c   0x00000014   Code   RO         5794    i.buffer_is_empty   nrf_log_frontend.o
    0x000281a0   0x00000008   Code   RO          503    i.button_timer_handler  bsp.o
    0x000281a8   0x0000001c   Code   RO         3099    i.channel_free      nrfx_gpiote.o
    0x000281c4   0x00000048   Code   RO         3100    i.channel_port_alloc  nrfx_gpiote.o
    0x0002820c   0x00000010   Code   RO         3101    i.channel_port_get  nrfx_gpiote.o
    0x0002821c   0x00000038   Code   RO         2024    i.claim             peer_id.o
    0x00028254   0x00000028   Code   RO         2768    i.clock_clk_started_notify  nrf_drv_clock.o
    0x0002827c   0x0000001c   Code   RO         2769    i.clock_irq_handler  nrf_drv_clock.o
    0x00028298   0x000000ac   Code   RO         4189    i.compare_reg_update  app_timer.o
    0x00028344   0x00000092   Code   RO         3831    i.configure_pins    nrfx_pwm.o
    0x000283d6   0x0000003e   Code   RO          975    i.conn_handle_list_get  ble_conn_state.o
    0x00028414   0x00000088   Code   RO          692    i.conn_int_encode   ble_advdata.o
    0x0002849c   0x00000048   Code   RO          888    i.conn_params_negotiation  ble_conn_params.o
    0x000284e4   0x00000044   Code   RO         2492    i.conn_sec_failure  security_dispatcher.o
    0x00028528   0x000000bc   Code   RO         1571    i.data_length_update  nrf_ble_gatt.o
    0x000285e4   0x00000080   Code   RO         1180    i.db_update_pending_handle  gatt_cache_manager.o
    0x00028664   0x00000080   Code   RO         4442    i.delete_execute    fds.o
    0x000286e4   0x00000098   Code   RO         3959    i.detection_delay_timeout_handler  app_button.o
    0x0002877c   0x00000014   Code   RO         5796    i.dropped_sat16_get  nrf_log_frontend.o
    0x00028790   0x00000040   Code   RO         4190    i.elapsed_ticks_acquire  app_timer.o
    0x000287d0   0x0000000a   Code   RO         2493    i.encryption_failure  security_dispatcher.o
    0x000287da   0x00000074   Code   RO         4443    i.event_prepare     fds.o
    0x0002884e   0x00000002   PAD
    0x00028850   0x00000020   Code   RO         4444    i.event_send        fds.o
    0x00028870   0x00000054   Code   RO         5280    i.event_send        nrf_fstorage_sd.o
    0x000288c4   0x00000074   Code   RO         2623    i.events_send_from_err_code  security_manager.o
    0x00028938   0x0000001c   Code   RO         1181    i.evt_send          gatt_cache_manager.o
    0x00028954   0x0000002c   Code   RO         2115    i.evt_send          peer_manager.o
    0x00028980   0x0000001c   Code   RO         2494    i.evt_send          security_dispatcher.o
    0x0002899c   0x0000000c   Code   RO         2624    i.evt_send          security_manager.o
    0x000289a8   0x00000044   Code   RO         4446    i.fds_file_delete   fds.o
    0x000289ec   0x00000040   Code   RO         4449    i.fds_record_close  fds.o
    0x00028a2c   0x0000000e   Code   RO         4451    i.fds_record_find   fds.o
    0x00028a3a   0x00000010   Code   RO         4452    i.fds_record_find_by_key  fds.o
    0x00028a4a   0x00000010   Code   RO         4453    i.fds_record_find_in_file  fds.o
    0x00028a5a   0x00000010   Code   RO         4454    i.fds_record_id_from_desc  fds.o
    0x00028a6a   0x00000002   PAD
    0x00028a6c   0x00000048   Code   RO         4456    i.fds_record_open   fds.o
    0x00028ab4   0x0000000e   Code   RO         4457    i.fds_record_update  fds.o
    0x00028ac2   0x00000008   Code   RO         4458    i.fds_record_write  fds.o
    0x00028aca   0x0000000c   Code   RO         4459    i.fds_record_write_reserved  fds.o
    0x00028ad6   0x00000002   PAD
    0x00028ad8   0x00000030   Code   RO         4461    i.fds_reserve       fds.o
    0x00028b08   0x00000048   Code   RO         4462    i.fds_reserve_cancel  fds.o
    0x00028b50   0x00000028   Code   RO          800    i.flags_set         ble_advertising.o
    0x00028b78   0x00000054   Code   RO         2626    i.flags_set_from_err_code  security_manager.o
    0x00028bcc   0x00000030   Code   RO          976    i.for_each_set_flag  ble_conn_state.o
    0x00028bfc   0x00000006   Code   RO         4464    i.fs_event_handler  fds.o
    0x00028c02   0x00000002   PAD
    0x00028c04   0x0000006c   Code   RO            8    i.gap_params_init   main.o
    0x00028c70   0x00000074   Code   RO         4465    i.gc_execute        fds.o
    0x00028ce4   0x0000004c   Code   RO         4466    i.gc_next_page      fds.o
    0x00028d30   0x00000040   Code   RO         4467    i.gc_page_erase     fds.o
    0x00028d70   0x00000034   Code   RO         4468    i.gc_record_copy    fds.o
    0x00028da4   0x00000024   Code   RO         4469    i.gc_record_find_next  fds.o
    0x00028dc8   0x00000088   Code   RO         4470    i.gc_state_advance  fds.o
    0x00028e50   0x0000009c   Code   RO         1182    i.gcm_ble_evt_handler  gatt_cache_manager.o
    0x00028eec   0x00000030   Code   RO         1183    i.gcm_im_evt_handler  gatt_cache_manager.o
    0x00028f1c   0x00000078   Code   RO         1187    i.gcm_pdb_evt_handler  gatt_cache_manager.o
    0x00028f94   0x00000038   Code   RO         1385    i.get_connection_by_conn_handle  id_manager.o
    0x00028fcc   0x00000030   Code   RO         1386    i.get_free_connection  id_manager.o
    0x00028ffc   0x00000084   Code   RO         3960    i.gpiote_event_handler  app_button.o
    0x00029080   0x0000001c   Code   RO         1304    i.gscm_db_change_notification_done  gatts_cache_manager.o
    0x0002909c   0x0000006a   Code   RO         1307    i.gscm_local_db_cache_apply  gatts_cache_manager.o
    0x00029106   0x00000082   Code   RO         1308    i.gscm_local_db_cache_update  gatts_cache_manager.o
    0x00029188   0x00000018   Code   RO         1309    i.gscm_pdb_evt_handler  gatts_cache_manager.o
    0x000291a0   0x0000001e   Code   RO         1310    i.gscm_service_changed_ind_needed  gatts_cache_manager.o
    0x000291be   0x00000002   PAD
    0x000291c0   0x00000038   Code   RO         1311    i.gscm_service_changed_ind_send  gatts_cache_manager.o
    0x000291f8   0x00000026   Code   RO         4471    i.header_check      fds.o
    0x0002921e   0x00000012   Code   RO         4472    i.header_has_next   fds.o
    0x00029230   0x00000046   Code   RO         1387    i.im_address_resolve  id_manager.o
    0x00029276   0x00000002   PAD
    0x00029278   0x00000030   Code   RO         1388    i.im_ble_addr_get   id_manager.o
    0x000292a8   0x000000c8   Code   RO         1389    i.im_ble_evt_handler  id_manager.o
    0x00029370   0x0000002c   Code   RO         1390    i.im_conn_handle_get  id_manager.o
    0x0002939c   0x00000038   Code   RO         1392    i.im_find_duplicate_bonding_data  id_manager.o
    0x000293d4   0x00000072   Code   RO         1396    i.im_is_duplicate_bonding_data  id_manager.o
    0x00029446   0x00000018   Code   RO         1397    i.im_master_id_is_valid  id_manager.o
    0x0002945e   0x0000002a   Code   RO         1398    i.im_master_ids_compare  id_manager.o
    0x00029488   0x00000004   Code   RO         1399    i.im_new_peer_id    id_manager.o
    0x0002948c   0x00000026   Code   RO         1400    i.im_peer_free      id_manager.o
    0x000294b2   0x00000002   PAD
    0x000294b4   0x00000020   Code   RO         1401    i.im_peer_id_get_by_conn_handle  id_manager.o
    0x000294d4   0x0000003c   Code   RO         1402    i.im_peer_id_get_by_master_id  id_manager.o
    0x00029510   0x000000c8   Code   RO         4473    i.init_execute      fds.o
    0x000295d8   0x00000014   Code   RO          889    i.instance_get      ble_conn_params.o
    0x000295ec   0x000000a6   Code   RO         5156    i.int_print         nrf_fprintf_format.o
    0x00029692   0x0000004c   Code   RO         5797    i.invalid_packets_pushed_str_omit  nrf_log_frontend.o
    0x000296de   0x0000009c   Code   RO         3832    i.irq_handler       nrfx_pwm.o
    0x0002977a   0x00000044   Code   RO          890    i.is_conn_params_ok  ble_conn_params.o
    0x000297be   0x00000014   Code   RO         1407    i.is_valid_irk      id_manager.o
    0x000297d2   0x0000000c   Code   RO         4474    i.is_word_aligned   fds.o
    0x000297de   0x00000002   PAD
    0x000297e0   0x00000030   Code   RO          504    i.leds_off          bsp.o
    0x00029810   0x00000014   Code   RO          505    i.leds_timer_handler  bsp.o
    0x00029824   0x00000014   Code   RO         1572    i.link_init         nrf_ble_gatt.o
    0x00029838   0x000000b8   Code   RO         2627    i.link_secure       security_manager.o
    0x000298f0   0x0000008c   Code   RO         2496    i.link_secure_failure  security_dispatcher.o
    0x0002997c   0x0000002c   Code   RO         2628    i.link_secure_pending_handle  security_manager.o
    0x000299a8   0x000000f8   Code   RO         4191    i.list_insertions_handler  app_timer.o
    0x00029aa0   0x00000068   Code   RO         1188    i.local_db_apply_in_evt  gatt_cache_manager.o
    0x00029b08   0x00000010   Code   RO         1189    i.local_db_update   gatt_cache_manager.o
    0x00029b18   0x00000032   Code   RO         2437    i.lock_by_mask      pm_mutex.o
    0x00029b4a   0x00000002   PAD
    0x00029b4c   0x0000009c   Code   RO         5798    i.log_skip          nrf_log_frontend.o
    0x00029be8   0x00000110   Code   RO            9    i.main              main.o
    0x00029cf8   0x00000064   Code   RO          693    i.manuf_specific_data_encode  ble_advdata.o
    0x00029d5c   0x00000076   Code   RO         5394    i.memobj_op         nrf_memobj.o
    0x00029dd2   0x00000002   PAD
    0x00029dd4   0x00000030   Code   RO         5799    i.module_idx_get    nrf_log_frontend.o
    0x00029e04   0x0000009c   Code   RO          694    i.name_encode       ble_advdata.o
    0x00029ea0   0x00000058   Code   RO         1408    i.new_connection    id_manager.o
    0x00029ef8   0x00000014   Code   RO         2629    i.new_context_get   security_manager.o
    0x00029f0c   0x00000030   Code   RO         2025    i.next_id_get       peer_id.o
    0x00029f3c   0x00000016   Code   RO         4812    i.nrf_atfifo_item_alloc  nrf_atfifo.o
    0x00029f52   0x00000016   Code   RO         4813    i.nrf_atfifo_item_free  nrf_atfifo.o
    0x00029f68   0x00000016   Code   RO         4814    i.nrf_atfifo_item_get  nrf_atfifo.o
    0x00029f7e   0x00000016   Code   RO         4815    i.nrf_atfifo_item_put  nrf_atfifo.o
    0x00029f94   0x00000016   Code   RO         4877    i.nrf_atflags_clear  nrf_atflags.o
    0x00029faa   0x00000016   Code   RO         4882    i.nrf_atflags_get   nrf_atflags.o
    0x00029fc0   0x00000014   Code   RO         4884    i.nrf_atflags_set   nrf_atflags.o
    0x00029fd4   0x00000006   Code   RO         4945    i.nrf_atomic_flag_clear_fetch  nrf_atomic.o
    0x00029fda   0x00000006   Code   RO         4946    i.nrf_atomic_flag_set  nrf_atomic.o
    0x00029fe0   0x0000000c   Code   RO         4948    i.nrf_atomic_u32_add  nrf_atomic.o
    0x00029fec   0x0000000c   Code   RO         4949    i.nrf_atomic_u32_and  nrf_atomic.o
    0x00029ff8   0x0000000a   Code   RO         4951    i.nrf_atomic_u32_fetch_add  nrf_atomic.o
    0x0002a002   0x0000000a   Code   RO         4952    i.nrf_atomic_u32_fetch_and  nrf_atomic.o
    0x0002a00c   0x0000000a   Code   RO         4954    i.nrf_atomic_u32_fetch_store  nrf_atomic.o
    0x0002a016   0x0000000c   Code   RO         4958    i.nrf_atomic_u32_or  nrf_atomic.o
    0x0002a022   0x0000000c   Code   RO         4960    i.nrf_atomic_u32_sub  nrf_atomic.o
    0x0002a02e   0x00000044   Code   RO         5079    i.nrf_balloc_alloc  nrf_balloc.o
    0x0002a072   0x00000030   Code   RO         5080    i.nrf_balloc_free   nrf_balloc.o
    0x0002a0a2   0x00000030   Code   RO         5081    i.nrf_balloc_init   nrf_balloc.o
    0x0002a0d2   0x00000010   Code   RO         3102    i.nrf_bitmask_bit_is_set  nrfx_gpiote.o
    0x0002a0e2   0x00000014   Code   RO         3103    i.nrf_bitmask_bit_set  nrfx_gpiote.o
    0x0002a0f6   0x00000022   Code   RO         1578    i.nrf_ble_gatt_init  nrf_ble_gatt.o
    0x0002a118   0x00000148   Code   RO         1579    i.nrf_ble_gatt_on_ble_evt  nrf_ble_gatt.o
    0x0002a260   0x000000b6   Code   RO         1675    i.nrf_ble_qwr_on_ble_evt  nrf_ble_qwr.o
    0x0002a316   0x0000000e   Code   RO         2967    i.nrf_clock_event_check  nrfx_clock.o
    0x0002a324   0x00000010   Code   RO         2968    i.nrf_clock_event_clear  nrfx_clock.o
    0x0002a334   0x00000038   Code   RO         2776    i.nrf_drv_clock_init  nrf_drv_clock.o
    0x0002a36c   0x00000030   Code   RO         2780    i.nrf_drv_clock_lfclk_release  nrf_drv_clock.o
    0x0002a39c   0x0000001a   Code   RO         5116    i.nrf_fprintf       nrf_fprintf.o
    0x0002a3b6   0x00000018   Code   RO         5117    i.nrf_fprintf_buffer_flush  nrf_fprintf.o
    0x0002a3ce   0x000001da   Code   RO         5157    i.nrf_fprintf_fmt   nrf_fprintf_format.o
    0x0002a5a8   0x0000012c   Code   RO         5197    i.nrf_fstorage_erase  nrf_fstorage.o
    0x0002a6d4   0x00000050   Code   RO         5199    i.nrf_fstorage_is_busy  nrf_fstorage.o
    0x0002a724   0x00000018   Code   RO         5283    i.nrf_fstorage_sdh_req_handler  nrf_fstorage_sd.o
    0x0002a73c   0x00000020   Code   RO         5284    i.nrf_fstorage_sdh_state_handler  nrf_fstorage_sd.o
    0x0002a75c   0x000000a4   Code   RO         5285    i.nrf_fstorage_sys_evt_handler  nrf_fstorage_sd.o
    0x0002a800   0x000001d4   Code   RO         5204    i.nrf_fstorage_write  nrf_fstorage.o
    0x0002a9d4   0x00000032   Code   RO          389    i.nrf_gpio_cfg      boards.o
    0x0002aa06   0x00000032   Code   RO         3104    i.nrf_gpio_cfg      nrfx_gpiote.o
    0x0002aa38   0x00000030   Code   RO         3106    i.nrf_gpio_cfg_sense_set  nrfx_gpiote.o
    0x0002aa68   0x0000001c   Code   RO          390    i.nrf_gpio_pin_port_decode  boards.o
    0x0002aa84   0x0000001c   Code   RO         3108    i.nrf_gpio_pin_port_decode  nrfx_gpiote.o
    0x0002aaa0   0x0000001c   Code   RO         3833    i.nrf_gpio_pin_port_decode  nrfx_pwm.o
    0x0002aabc   0x00000016   Code   RO         3109    i.nrf_gpio_pin_read  nrfx_gpiote.o
    0x0002aad2   0x00000026   Code   RO          391    i.nrf_gpio_pin_write  boards.o
    0x0002aaf8   0x0000002c   Code   RO         3111    i.nrf_gpio_ports_read  nrfx_gpiote.o
    0x0002ab24   0x00000014   Code   RO         3112    i.nrf_gpiote_event_clear  nrfx_gpiote.o
    0x0002ab38   0x00000010   Code   RO         3113    i.nrf_gpiote_event_is_set  nrfx_gpiote.o
    0x0002ab48   0x00000050   Code   RO         5800    i.nrf_log_backend_add  nrf_log_frontend.o
    0x0002ab98   0x00000002   Code   RO         5639    i.nrf_log_backend_rtt_flush  nrf_log_backend_rtt.o
    0x0002ab9a   0x00000004   Code   RO         5640    i.nrf_log_backend_rtt_init  nrf_log_backend_rtt.o
    0x0002ab9e   0x00000002   Code   RO         5641    i.nrf_log_backend_rtt_panic_set  nrf_log_backend_rtt.o
    0x0002aba0   0x00000018   Code   RO         5642    i.nrf_log_backend_rtt_put  nrf_log_backend_rtt.o
    0x0002abb8   0x000000c8   Code   RO         5708    i.nrf_log_backend_serial_put  nrf_log_backend_serial.o
    0x0002ac80   0x00000030   Code   RO         5802    i.nrf_log_color_id_get  nrf_log_frontend.o
    0x0002acb0   0x0000001c   Code   RO         5760    i.nrf_log_default_backends_init  nrf_log_default_backends.o
    0x0002accc   0x00000220   Code   RO         5803    i.nrf_log_frontend_dequeue  nrf_log_frontend.o
    0x0002aeec   0x000000a8   Code   RO         5804    i.nrf_log_frontend_hexdump  nrf_log_frontend.o
    0x0002af94   0x00000008   Code   RO         5805    i.nrf_log_frontend_std_0  nrf_log_frontend.o
    0x0002af9c   0x0000000e   Code   RO         5806    i.nrf_log_frontend_std_1  nrf_log_frontend.o
    0x0002afaa   0x00000010   Code   RO         5807    i.nrf_log_frontend_std_2  nrf_log_frontend.o
    0x0002afba   0x00000012   Code   RO         5808    i.nrf_log_frontend_std_3  nrf_log_frontend.o
    0x0002afcc   0x000000ac   Code   RO         5980    i.nrf_log_hexdump_entry_process  nrf_log_str_formatter.o
    0x0002b078   0x00000058   Code   RO         5812    i.nrf_log_init      nrf_log_frontend.o
    0x0002b0d0   0x00000014   Code   RO         5813    i.nrf_log_module_cnt_get  nrf_log_frontend.o
    0x0002b0e4   0x0000001c   Code   RO         5816    i.nrf_log_module_name_get  nrf_log_frontend.o
    0x0002b100   0x00000028   Code   RO         5817    i.nrf_log_panic     nrf_log_frontend.o
    0x0002b128   0x000000b6   Code   RO         5981    i.nrf_log_std_entry_process  nrf_log_str_formatter.o
    0x0002b1de   0x00000060   Code   RO         5395    i.nrf_memobj_alloc  nrf_memobj.o
    0x0002b23e   0x00000032   Code   RO         5396    i.nrf_memobj_free   nrf_memobj.o
    0x0002b270   0x00000008   Code   RO         5397    i.nrf_memobj_get    nrf_memobj.o
    0x0002b278   0x00000004   Code   RO         5398    i.nrf_memobj_pool_init  nrf_memobj.o
    0x0002b27c   0x0000001e   Code   RO         5399    i.nrf_memobj_put    nrf_memobj.o
    0x0002b29a   0x0000000c   Code   RO         5400    i.nrf_memobj_read   nrf_memobj.o
    0x0002b2a6   0x0000000c   Code   RO         5401    i.nrf_memobj_write  nrf_memobj.o
    0x0002b2b2   0x0000000a   Code   RO         3834    i.nrf_pwm_event_check  nrfx_pwm.o
    0x0002b2bc   0x0000000c   Code   RO         3835    i.nrf_pwm_event_clear  nrfx_pwm.o
    0x0002b2c8   0x0000001e   Code   RO         3836    i.nrf_pwm_sequence_set  nrfx_pwm.o
    0x0002b2e6   0x00000002   PAD
    0x0002b2e8   0x00000028   Code   RO         5473    i.nrf_pwr_mgmt_init  nrf_pwr_mgmt.o
    0x0002b310   0x00000044   Code   RO         5474    i.nrf_pwr_mgmt_run  nrf_pwr_mgmt.o
    0x0002b354   0x00000014   Code   RO         6508    i.nrf_sdh_ble_app_ram_start_get  nrf_sdh_ble.o
    0x0002b368   0x00000108   Code   RO         6509    i.nrf_sdh_ble_default_cfg_set  nrf_sdh_ble.o
    0x0002b470   0x0000012c   Code   RO         6510    i.nrf_sdh_ble_enable  nrf_sdh_ble.o
    0x0002b59c   0x0000005c   Code   RO         6511    i.nrf_sdh_ble_evts_poll  nrf_sdh_ble.o
    0x0002b5f8   0x00000054   Code   RO         6389    i.nrf_sdh_disable_request  nrf_sdh.o
    0x0002b64c   0x00000074   Code   RO         6390    i.nrf_sdh_enable_request  nrf_sdh.o
    0x0002b6c0   0x00000024   Code   RO         6391    i.nrf_sdh_evts_poll  nrf_sdh.o
    0x0002b6e4   0x0000000c   Code   RO         6392    i.nrf_sdh_is_enabled  nrf_sdh.o
    0x0002b6f0   0x0000001c   Code   RO         6394    i.nrf_sdh_request_continue  nrf_sdh.o
    0x0002b70c   0x0000003c   Code   RO         6559    i.nrf_sdh_soc_evts_poll  nrf_sdh_soc.o
    0x0002b748   0x0000000a   Code   RO         5542    i.nrf_section_iter_init  nrf_section_iter.o
    0x0002b752   0x00000024   Code   RO         5543    i.nrf_section_iter_item_set  nrf_section_iter.o
    0x0002b776   0x00000020   Code   RO         5544    i.nrf_section_iter_next  nrf_section_iter.o
    0x0002b796   0x00000002   PAD
    0x0002b798   0x00000038   Code   RO         5577    i.nrf_strerror_find  nrf_strerror.o
    0x0002b7d0   0x00000014   Code   RO         5578    i.nrf_strerror_get  nrf_strerror.o
    0x0002b7e4   0x0000002c   Code   RO         2973    i.nrfx_clock_enable  nrfx_clock.o
    0x0002b810   0x00000020   Code   RO         2976    i.nrfx_clock_init   nrfx_clock.o
    0x0002b830   0x0000001c   Code   RO         2979    i.nrfx_clock_lfclk_stop  nrfx_clock.o
    0x0002b84c   0x00000010   Code   RO         4192    i.nrfx_coredep_delay_us  app_timer.o
    0x0002b85c   0x00000098   Code   RO         3118    i.nrfx_gpiote_in_event_enable  nrfx_gpiote.o
    0x0002b8f4   0x000000d4   Code   RO         3119    i.nrfx_gpiote_in_init  nrfx_gpiote.o
    0x0002b9c8   0x0000000e   Code   RO         3120    i.nrfx_gpiote_in_is_set  nrfx_gpiote.o
    0x0002b9d6   0x00000002   PAD
    0x0002b9d8   0x00000074   Code   RO         3122    i.nrfx_gpiote_init  nrfx_gpiote.o
    0x0002ba4c   0x00000014   Code   RO         3123    i.nrfx_gpiote_is_init  nrfx_gpiote.o
    0x0002ba60   0x000000d8   Code   RO         3838    i.nrfx_pwm_init     nrfx_pwm.o
    0x0002bb38   0x00000070   Code   RO         3840    i.nrfx_pwm_simple_playback  nrfx_pwm.o
    0x0002bba8   0x00000054   Code   RO           10    i.on_adv_evt        main.o
    0x0002bbfc   0x000000a0   Code   RO         1580    i.on_connected_evt  nrf_ble_gatt.o
    0x0002bc9c   0x000000a4   Code   RO         1581    i.on_exchange_mtu_request_evt  nrf_ble_gatt.o
    0x0002bd40   0x0000001c   Code   RO         4476    i.page_offsets_update  fds.o
    0x0002bd5c   0x0000001c   Code   RO         4478    i.page_tag_write_data  fds.o
    0x0002bd78   0x00000024   Code   RO         4479    i.page_tag_write_swap  fds.o
    0x0002bd9c   0x0000000c   Code   RO         2497    i.pairing           security_dispatcher.o
    0x0002bda8   0x00000006   Code   RO         2630    i.params_reply_pending_handle  security_manager.o
    0x0002bdae   0x00000028   Code   RO         2631    i.params_req_send   security_manager.o
    0x0002bdd6   0x00000002   PAD
    0x0002bdd8   0x0000001c   Code   RO         1856    i.pdb_evt_send      peer_database.o
    0x0002bdf4   0x00000004   Code   RO         1859    i.pdb_next_deleted_peer_id_get  peer_database.o
    0x0002bdf8   0x00000004   Code   RO         1860    i.pdb_next_peer_id_get  peer_database.o
    0x0002bdfc   0x00000074   Code   RO         1861    i.pdb_pds_evt_handler  peer_database.o
    0x0002be70   0x00000004   Code   RO         1862    i.pdb_peer_allocate  peer_database.o
    0x0002be74   0x00000010   Code   RO         1863    i.pdb_peer_data_load  peer_database.o
    0x0002be84   0x00000006   Code   RO         1864    i.pdb_peer_data_ptr_get  peer_database.o
    0x0002be8a   0x00000044   Code   RO         1865    i.pdb_peer_free     peer_database.o
    0x0002bece   0x00000008   Code   RO         1866    i.pdb_raw_store     peer_database.o
    0x0002bed6   0x00000002   PAD
    0x0002bed8   0x000000c4   Code   RO         1867    i.pdb_write_buf_get  peer_database.o
    0x0002bf9c   0x00000028   Code   RO         1868    i.pdb_write_buf_release  peer_database.o
    0x0002bfc4   0x00000028   Code   RO         1869    i.pdb_write_buf_store  peer_database.o
    0x0002bfec   0x00000068   Code   RO         1870    i.pdb_write_buf_store_prepare  peer_database.o
    0x0002c054   0x00000010   Code   RO         1716    i.pds_evt_send      peer_data_storage.o
    0x0002c064   0x00000004   Code   RO         1718    i.pds_next_deleted_peer_id_get  peer_data_storage.o
    0x0002c068   0x00000004   Code   RO         1719    i.pds_next_peer_id_get  peer_data_storage.o
    0x0002c06c   0x00000058   Code   RO         1722    i.pds_peer_data_iterate  peer_data_storage.o
    0x0002c0c4   0x00000010   Code   RO         1723    i.pds_peer_data_iterate_prepare  peer_data_storage.o
    0x0002c0d4   0x00000068   Code   RO         1724    i.pds_peer_data_read  peer_data_storage.o
    0x0002c13c   0x00000096   Code   RO         1725    i.pds_peer_data_store  peer_data_storage.o
    0x0002c1d2   0x00000008   Code   RO         1726    i.pds_peer_id_allocate  peer_data_storage.o
    0x0002c1da   0x00000016   Code   RO         1727    i.pds_peer_id_free  peer_data_storage.o
    0x0002c1f0   0x00000004   Code   RO         1728    i.pds_peer_id_is_allocated  peer_data_storage.o
    0x0002c1f4   0x0000002e   Code   RO         1729    i.pds_space_reserve  peer_data_storage.o
    0x0002c222   0x00000010   Code   RO         1730    i.pds_space_reserve_cancel  peer_data_storage.o
    0x0002c232   0x00000002   PAD
    0x0002c234   0x0000000c   Code   RO         2498    i.peer_created      security_dispatcher.o
    0x0002c240   0x00000006   Code   RO         1871    i.peer_data_const_point_to_buffer  peer_database.o
    0x0002c246   0x00000002   PAD
    0x0002c248   0x00000078   Code   RO         1731    i.peer_data_delete_process  peer_data_storage.o
    0x0002c2c0   0x00000030   Code   RO         1732    i.peer_data_find    peer_data_storage.o
    0x0002c2f0   0x00000020   Code   RO         1733    i.peer_data_id_is_valid  peer_data_storage.o
    0x0002c310   0x0000001a   Code   RO         1872    i.peer_data_point_to_buffer  peer_database.o
    0x0002c32a   0x00000002   PAD
    0x0002c32c   0x0000000c   Code   RO         2026    i.peer_id_allocate  peer_id.o
    0x0002c338   0x00000024   Code   RO         2027    i.peer_id_delete    peer_id.o
    0x0002c35c   0x0000001c   Code   RO         2028    i.peer_id_free      peer_id.o
    0x0002c378   0x0000000c   Code   RO         2029    i.peer_id_get_next_deleted  peer_id.o
    0x0002c384   0x00000030   Code   RO         2030    i.peer_id_get_next_used  peer_id.o
    0x0002c3b4   0x00000014   Code   RO         2032    i.peer_id_is_allocated  peer_id.o
    0x0002c3c8   0x00000014   Code   RO         2033    i.peer_id_is_deleted  peer_id.o
    0x0002c3dc   0x0000001c   Code   RO         1409    i.peer_id_set       id_manager.o
    0x0002c3f8   0x00000016   Code   RO          801    i.phy_is_valid      ble_advertising.o
    0x0002c40e   0x00000002   PAD
    0x0002c410   0x00000018   Code   RO         3139    i.pin_in_use_by_port  nrfx_gpiote.o
    0x0002c428   0x00000018   Code   RO         3140    i.pin_in_use_by_te  nrfx_gpiote.o
    0x0002c440   0x0000005c   Code   RO         2395    i.pm_buffer_block_acquire  pm_buffer.o
    0x0002c49c   0x00000028   Code   RO         2397    i.pm_buffer_ptr_get  pm_buffer.o
    0x0002c4c4   0x0000002e   Code   RO         2398    i.pm_buffer_release  pm_buffer.o
    0x0002c4f2   0x00000004   Code   RO         2123    i.pm_gcm_evt_handler  peer_manager.o
    0x0002c4f6   0x00000004   Code   RO         2126    i.pm_im_evt_handler  peer_manager.o
    0x0002c4fa   0x0000001a   Code   RO         2439    i.pm_mutex_lock     pm_mutex.o
    0x0002c514   0x00000036   Code   RO         2440    i.pm_mutex_lock_first_available  pm_mutex.o
    0x0002c54a   0x00000018   Code   RO         2441    i.pm_mutex_lock_status_get  pm_mutex.o
    0x0002c562   0x0000003a   Code   RO         2442    i.pm_mutex_unlock   pm_mutex.o
    0x0002c59c   0x00000118   Code   RO         2131    i.pm_pdb_evt_handler  peer_manager.o
    0x0002c6b4   0x000000b8   Code   RO         2146    i.pm_peer_ranks_get  peer_manager.o
    0x0002c76c   0x0000000a   Code   RO         2152    i.pm_sm_evt_handler  peer_manager.o
    0x0002c776   0x00000002   PAD
    0x0002c778   0x0000003c   Code   RO         5983    i.postfix_process   nrf_log_str_formatter.o
    0x0002c7b4   0x00000098   Code   RO         5984    i.prefix_process    nrf_log_str_formatter.o
    0x0002c84c   0x0000001c   Code   RO         4481    i.queue_buf_get     fds.o
    0x0002c868   0x00000010   Code   RO         4482    i.queue_buf_store   fds.o
    0x0002c878   0x00000014   Code   RO         5286    i.queue_free        nrf_fstorage_sd.o
    0x0002c88c   0x000000a0   Code   RO         4483    i.queue_process     fds.o
    0x0002c92c   0x000000a0   Code   RO         5287    i.queue_process     nrf_fstorage_sd.o
    0x0002c9cc   0x0000001c   Code   RO         4484    i.queue_start       fds.o
    0x0002c9e8   0x00000028   Code   RO         2155    i.rank_vars_update  peer_manager.o
    0x0002ca10   0x0000007c   Code   RO         1873    i.reattempt_previous_operations  peer_database.o
    0x0002ca8c   0x00000088   Code   RO         4485    i.record_find       fds.o
    0x0002cb14   0x000000a0   Code   RO         4486    i.record_find_by_desc  fds.o
    0x0002cbb4   0x0000005c   Code   RO         4487    i.record_find_next  fds.o
    0x0002cc10   0x00000038   Code   RO         4488    i.record_header_flag_dirty  fds.o
    0x0002cc48   0x00000010   Code   RO         2035    i.release           peer_id.o
    0x0002cc58   0x0000003c   Code   RO         4193    i.rtc1_stop         app_timer.o
    0x0002cc94   0x00000024   Code   RO         1190    i.sc_send_pending_handle  gatt_cache_manager.o
    0x0002ccb8   0x00000050   Code   RO         2783    i.sd_state_evt_handler  nrf_drv_clock.o
    0x0002cd08   0x00000030   Code   RO         6397    i.sdh_request_observer_notify  nrf_sdh.o
    0x0002cd38   0x0000002c   Code   RO         6398    i.sdh_state_observer_notify  nrf_sdh.o
    0x0002cd64   0x000000a2   Code   RO         2499    i.sec_info_request_process  security_dispatcher.o
    0x0002ce06   0x00000002   PAD
    0x0002ce08   0x0000006c   Code   RO         2500    i.sec_keyset_fill   security_dispatcher.o
    0x0002ce74   0x00000038   Code   RO         2501    i.sec_proc_housekeeping  security_dispatcher.o
    0x0002ceac   0x00000068   Code   RO         2502    i.sec_proc_start    security_dispatcher.o
    0x0002cf14   0x00000022   Code   RO         2503    i.send_config_req   security_dispatcher.o
    0x0002cf36   0x00000002   PAD
    0x0002cf38   0x00000010   Code   RO          891    i.send_error_evt    ble_conn_params.o
    0x0002cf48   0x00000028   Code   RO         1191    i.send_unexpected_error  gatt_cache_manager.o
    0x0002cf70   0x00000028   Code   RO         2504    i.send_unexpected_error  security_dispatcher.o
    0x0002cf98   0x00000050   Code   RO         5643    i.serial_tx         nrf_log_backend_rtt.o
    0x0002cfe8   0x00000014   Code   RO         1192    i.service_changed_pending_flags_check  gatt_cache_manager.o
    0x0002cffc   0x00000044   Code   RO         1312    i.service_changed_pending_set  gatts_cache_manager.o
    0x0002d040   0x0000008c   Code   RO         1193    i.service_changed_send_in_evt  gatt_cache_manager.o
    0x0002d0cc   0x00000088   Code   RO          695    i.service_data_encode  ble_advdata.o
    0x0002d154   0x00000020   Code   RO         2633    i.sm_ble_evt_handler  security_manager.o
    0x0002d174   0x00000058   Code   RO         2638    i.sm_pdb_evt_handler  security_manager.o
    0x0002d1cc   0x00000060   Code   RO         2641    i.sm_smd_evt_handler  security_manager.o
    0x0002d22c   0x000000f4   Code   RO         2505    i.smd_ble_evt_handler  security_dispatcher.o
    0x0002d320   0x00000022   Code   RO         2508    i.smd_link_secure   security_dispatcher.o
    0x0002d342   0x00000002   PAD
    0x0002d344   0x000000fc   Code   RO         2509    i.smd_params_reply  security_dispatcher.o
    0x0002d440   0x00000040   Code   RO         2642    i.smd_params_reply_perform  security_manager.o
    0x0002d480   0x00000018   Code   RO         2784    i.soc_evt_handler   nrf_drv_clock.o
    0x0002d498   0x00000038   Code   RO         6399    i.softdevice_evt_irq_disable  nrf_sdh.o
    0x0002d4d0   0x00000058   Code   RO         6400    i.softdevices_evt_irq_enable  nrf_sdh.o
    0x0002d528   0x0000004c   Code   RO         3843    i.start_playback    nrfx_pwm.o
    0x0002d574   0x0000008c   Code   RO         5819    i.std_n             nrf_log_frontend.o
    0x0002d600   0x00000080   Code   RO         4194    i.timer_list_handler  app_timer.o
    0x0002d680   0x0000003c   Code   RO         4195    i.timer_list_insert  app_timer.o
    0x0002d6bc   0x00000060   Code   RO         4196    i.timer_list_remove  app_timer.o
    0x0002d71c   0x00000048   Code   RO         4197    i.timer_stop_op_schedule  app_timer.o
    0x0002d764   0x00000074   Code   RO         4198    i.timer_timeouts_check  app_timer.o
    0x0002d7d8   0x0000000a   Code   RO          696    i.uint16_encode     ble_advdata.o
    0x0002d7e2   0x00000002   PAD
    0x0002d7e4   0x000000b4   Code   RO         5158    i.unsigned_print    nrf_fprintf_format.o
    0x0002d898   0x00000014   Code   RO         1194    i.update_pending_flags_check  gatt_cache_manager.o
    0x0002d8ac   0x00000018   Code   RO          802    i.use_whitelist     ble_advertising.o
    0x0002d8c4   0x0000000c   Code   RO          977    i.user_flag_is_acquired  ble_conn_state.o
    0x0002d8d0   0x00000024   Code   RO         1676    i.user_mem_reply    nrf_ble_qwr.o
    0x0002d8f4   0x00000030   Code   RO         4199    i.user_op_alloc     app_timer.o
    0x0002d924   0x00000030   Code   RO          697    i.uuid_list_encode  ble_advdata.o
    0x0002d954   0x0000009e   Code   RO          698    i.uuid_list_sized_encode  ble_advdata.o
    0x0002d9f2   0x00000024   Code   RO         1874    i.write_buf_length_words_set  peer_database.o
    0x0002da16   0x00000002   PAD
    0x0002da18   0x00000084   Code   RO         1875    i.write_buf_store   peer_database.o
    0x0002da9c   0x00000034   Code   RO         1876    i.write_buffer_record_find  peer_database.o
    0x0002dad0   0x00000028   Code   RO         1877    i.write_buffer_record_find_next  peer_database.o
    0x0002daf8   0x0000001e   Code   RO         1878    i.write_buffer_record_invalidate  peer_database.o
    0x0002db16   0x00000002   PAD
    0x0002db18   0x0000002c   Code   RO         1879    i.write_buffer_record_release  peer_database.o
    0x0002db44   0x000000e8   Code   RO         4490    i.write_enqueue     fds.o
    0x0002dc2c   0x000000f4   Code   RO         4491    i.write_execute     fds.o
    0x0002dd20   0x00000018   Code   RO         4492    i.write_space_free  fds.o
    0x0002dd38   0x0000005c   Code   RO         4493    i.write_space_reserve  fds.o
    0x0002dd94   0x0000001c   Data   RO           14    .constdata          main.o
    0x0002ddb0   0x00000008   Data   RO          392    .constdata          boards.o
    0x0002ddb8   0x0000002c   Data   RO          511    .constdata          bsp.o
    0x0002dde4   0x00000050   Data   RO         1195    .constdata          gatt_cache_manager.o
    0x0002de34   0x00000004   Data   RO         1313    .constdata          gatts_cache_manager.o
    0x0002de38   0x00000010   Data   RO         1314    .constdata          gatts_cache_manager.o
    0x0002de48   0x00000004   Data   RO         1315    .constdata          gatts_cache_manager.o
    0x0002de4c   0x00000008   Data   RO         1412    .constdata          id_manager.o
    0x0002de54   0x00000016   Data   RO         1582    .constdata          nrf_ble_gatt.o
    0x0002de6a   0x00000002   PAD
    0x0002de6c   0x00000018   Data   RO         1734    .constdata          peer_data_storage.o
    0x0002de84   0x00000010   Data   RO         1881    .constdata          peer_database.o
    0x0002de94   0x00000010   Data   RO         2157    .constdata          peer_manager.o
    0x0002dea4   0x00000054   Data   RO         2511    .constdata          security_dispatcher.o
    0x0002def8   0x00000004   Data   RO         2643    .constdata          security_manager.o
    0x0002defc   0x00000008   Data   RO         3142    .constdata          nrfx_gpiote.o
    0x0002df04   0x00000008   Data   RO         3962    .constdata          app_button.o
    0x0002df0c   0x00000004   PAD
    0x0002df10   0x00000006   Data   RO         4201    .constdata          app_timer.o
    0x0002df16   0x00000002   PAD
    0x0002df18   0x00000018   Data   RO         4495    .constdata          fds.o
    0x0002df30   0x00000010   Data   RO         5159    .constdata          nrf_fprintf_format.o
    0x0002df40   0x0000005e   Data   RO         5205    .constdata          nrf_fstorage.o
    0x0002df9e   0x00000002   PAD
    0x0002dfa0   0x00000010   Data   RO         5295    .constdata          nrf_fstorage_sd.o
    0x0002dfb0   0x00000018   Data   RO         5478    .constdata          nrf_pwr_mgmt.o
    0x0002dfc8   0x0000000c   Data   RO         5479    .constdata          nrf_pwr_mgmt.o
    0x0002dfd4   0x0000013c   Data   RO         5579    .constdata          nrf_strerror.o
    0x0002e110   0x0000000c   Data   RO         5645    .constdata          nrf_log_backend_rtt.o
    0x0002e11c   0x00000004   PAD
    0x0002e120   0x00000006   Data   RO         5646    .constdata          nrf_log_backend_rtt.o
    0x0002e126   0x00000002   PAD
    0x0002e128   0x00000010   Data   RO         6401    .constdata          nrf_sdh.o
    0x0002e138   0x00000028   Data   RO         6402    .constdata          nrf_sdh.o
    0x0002e160   0x00000010   Data   RO         6403    .constdata          nrf_sdh.o
    0x0002e170   0x00000010   Data   RO         6404    .constdata          nrf_sdh.o
    0x0002e180   0x00000020   Data   RO         6512    .constdata          nrf_sdh_ble.o
    0x0002e1a0   0x00000010   Data   RO         6513    .constdata          nrf_sdh_ble.o
    0x0002e1b0   0x00000010   Data   RO         6560    .constdata          nrf_sdh_soc.o
    0x0002e1c0   0x0000000c   Data   RO         6561    .constdata          nrf_sdh_soc.o
    0x0002e1cc   0x00000081   Data   RO         6644    .constdata          mc_w.l(ctype_o.o)
    0x0002e24d   0x00000003   PAD
    0x0002e250   0x00000004   Data   RO         6645    .constdata          mc_w.l(ctype_o.o)
    0x0002e254   0x000000a2   Data   RO         1583    .conststring        nrf_ble_gatt.o
    0x0002e2f6   0x00000002   PAD
    0x0002e2f8   0x0000004f   Data   RO         5206    .conststring        nrf_fstorage.o
    0x0002e347   0x00000001   PAD
    0x0002e348   0x000003eb   Data   RO         5580    .conststring        nrf_strerror.o
    0x0002e733   0x00000001   PAD
    0x0002e734   0x00000066   Data   RO         5985    .conststring        nrf_log_str_formatter.o
    0x0002e79a   0x00000002   PAD
    0x0002e79c   0x00000188   Data   RO         6514    .conststring        nrf_sdh_ble.o
    0x0002e924   0x0000000d   Data   RO         1584    .conststrlit        nrf_ble_gatt.o
    0x0002e931   0x00000003   PAD
    0x0002e934   0x00000006   Data   RO         2790    .conststrlit        nrf_drv_clock.o
    0x0002e93a   0x00000002   PAD
    0x0002e93c   0x00000006   Data   RO         2983    .conststrlit        nrfx_clock.o
    0x0002e942   0x00000002   PAD
    0x0002e944   0x00000007   Data   RO         3146    .conststrlit        nrfx_gpiote.o
    0x0002e94b   0x00000001   PAD
    0x0002e94c   0x00000004   Data   RO         3422    .conststrlit        nrfx_prs.o
    0x0002e950   0x00000005   Data   RO         3501    .conststrlit        nrfx_uart.o
    0x0002e955   0x00000003   PAD
    0x0002e958   0x00000006   Data   RO         3694    .conststrlit        nrfx_uarte.o
    0x0002e95e   0x00000002   PAD
    0x0002e960   0x00000004   Data   RO         3850    .conststrlit        nrfx_pwm.o
    0x0002e964   0x0000000f   Data   RO         4496    .conststrlit        fds.o
    0x0002e973   0x00000001   PAD
    0x0002e974   0x0000000d   Data   RO         5207    .conststrlit        nrf_fstorage.o
    0x0002e981   0x00000003   PAD
    0x0002e984   0x0000000e   Data   RO         5297    .conststrlit        nrf_fstorage_sd.o
    0x0002e992   0x00000002   PAD
    0x0002e994   0x00000009   Data   RO         5480    .conststrlit        nrf_pwr_mgmt.o
    0x0002e99d   0x00000003   PAD
    0x0002e9a0   0x00000018   Data   RO         5822    .conststrlit        nrf_log_frontend.o
    0x0002e9b8   0x00000008   Data   RO         6405    .conststrlit        nrf_sdh.o
    0x0002e9c0   0x0000000c   Data   RO         6515    .conststrlit        nrf_sdh_ble.o
    0x0002e9cc   0x0000000c   Data   RO         6562    .conststrlit        nrf_sdh_soc.o
    0x0002e9d8   0x00000020   Data   RO         6705    Region$$Table       anon$$obj.o
    0x0002e9f8   0x00000008   Data   RO         1585    log_const_data      nrf_ble_gatt.o
    0x0002ea00   0x00000008   Data   RO         2791    log_const_data      nrf_drv_clock.o
    0x0002ea08   0x00000008   Data   RO         2985    log_const_data      nrfx_clock.o
    0x0002ea10   0x00000008   Data   RO         3147    log_const_data      nrfx_gpiote.o
    0x0002ea18   0x00000008   Data   RO         3424    log_const_data      nrfx_prs.o
    0x0002ea20   0x00000008   Data   RO         3502    log_const_data      nrfx_uart.o
    0x0002ea28   0x00000008   Data   RO         3695    log_const_data      nrfx_uarte.o
    0x0002ea30   0x00000008   Data   RO         3851    log_const_data      nrfx_pwm.o
    0x0002ea38   0x00000008   Data   RO         4500    log_const_data      fds.o
    0x0002ea40   0x00000008   Data   RO         5208    log_const_data      nrf_fstorage.o
    0x0002ea48   0x00000008   Data   RO         5300    log_const_data      nrf_fstorage_sd.o
    0x0002ea50   0x00000008   Data   RO         5482    log_const_data      nrf_pwr_mgmt.o
    0x0002ea58   0x00000010   Data   RO         5825    log_const_data      nrf_log_frontend.o
    0x0002ea68   0x00000008   Data   RO         6407    log_const_data      nrf_sdh.o
    0x0002ea70   0x00000008   Data   RO         6517    log_const_data      nrf_sdh_ble.o
    0x0002ea78   0x00000008   Data   RO         6563    log_const_data      nrf_sdh_soc.o
    0x0002ea80   0x00000018   Data   RO         5827    nrf_balloc          nrf_log_frontend.o
    0x0002ea98   0x00000008   Data   RO          979    sdh_ble_observers0  ble_conn_state.o
    0x0002eaa0   0x00000010   Data   RO           17    sdh_ble_observers1  main.o
    0x0002eab0   0x00000008   Data   RO          614    sdh_ble_observers1  bsp_btn_ble.o
    0x0002eab8   0x00000008   Data   RO          895    sdh_ble_observers1  ble_conn_params.o
    0x0002eac0   0x00000008   Data   RO         2159    sdh_ble_observers1  peer_manager.o
    0x0002eac8   0x00000008   Data   RO           18    sdh_ble_observers2  main.o
    0x0002ead0   0x00000008   Data   RO           19    sdh_ble_observers3  main.o
    0x0002ead8   0x00000008   Data   RO         5302    sdh_req_observers0  nrf_fstorage_sd.o
    0x0002eae0   0x00000008   Data   RO         2793    sdh_soc_observers0  nrf_drv_clock.o
    0x0002eae8   0x00000008   Data   RO         5303    sdh_soc_observers0  nrf_fstorage_sd.o
    0x0002eaf0   0x00000008   Data   RO           20    sdh_soc_observers1  main.o
    0x0002eaf8   0x00000008   Data   RO         6519    sdh_stack_observers0  nrf_sdh_ble.o
    0x0002eb00   0x00000008   Data   RO         6565    sdh_stack_observers0  nrf_sdh_soc.o
    0x0002eb08   0x00000008   Data   RO         2794    sdh_state_observers0  nrf_drv_clock.o
    0x0002eb10   0x00000008   Data   RO         5304    sdh_state_observers0  nrf_fstorage_sd.o


    Execution Region RW_IRAM1 (Base: 0x20002210, Size: 0x000031b8, Max: 0x0003ddf0, ABSOLUTE, COMPRESSED[0x00000070])

    Base Addr    Size         Type   Attr      Idx    E Section Name        Object

    0x20002210   0x00000020   Data   RW           15    .data               main.o
    0x20002230   0x0000000c   Data   RW           16    .data               main.o
    0x2000223c   0x00000010   Data   RW          512    .data               bsp.o
    0x2000224c   0x00000008   Data   RW          613    .data               bsp_btn_ble.o
    0x20002254   0x00000008   Data   RW          894    .data               ble_conn_params.o
    0x2000225c   0x0000000c   Data   RW         1196    .data               gatt_cache_manager.o
    0x20002268   0x00000006   Data   RW         1316    .data               gatts_cache_manager.o
    0x2000226e   0x00000003   Data   RW         1413    .data               id_manager.o
    0x20002271   0x00000003   PAD
    0x20002274   0x0000000c   Data   RW         1735    .data               peer_data_storage.o
    0x20002280   0x00000003   Data   RW         1882    .data               peer_database.o
    0x20002283   0x00000001   PAD
    0x20002284   0x00000010   Data   RW         2158    .data               peer_manager.o
    0x20002294   0x00000006   Data   RW         2512    .data               security_dispatcher.o
    0x2000229a   0x00000002   PAD
    0x2000229c   0x00000015   Data   RW         2644    .data               security_manager.o
    0x200022b1   0x00000003   PAD
    0x200022b4   0x00000008   Data   RW         2984    .data               nrfx_clock.o
    0x200022bc   0x00000008   Data   RW         3423    .data               nrfx_prs.o
    0x200022c4   0x00000004   PAD
    0x200022c8   0x00000020   Data   RW         3963    .data               app_button.o
    0x200022e8   0x00000014   Data   RW         4202    .data               app_timer.o
    0x200022fc   0x00000014   Data   RW         4497    .data               fds.o
    0x20002310   0x00000030   Data   RW         4498    .data               fds.o
    0x20002340   0x00000014   Data   RW         5298    .data               nrf_fstorage_sd.o
    0x20002354   0x00000008   Data   RW         5299    .data               nrf_fstorage_sd.o
    0x2000235c   0x00000008   Data   RW         5481    .data               nrf_pwr_mgmt.o
    0x20002364   0x00000001   Data   RW         5647    .data               nrf_log_backend_rtt.o
    0x20002365   0x00000003   PAD
    0x20002368   0x0000000c   Data   RW         5761    .data               nrf_log_default_backends.o
    0x20002374   0x00000008   Data   RW         5823    .data               nrf_log_frontend.o
    0x2000237c   0x00000008   Data   RW         5824    .data               nrf_log_frontend.o
    0x20002384   0x00000040   Data   RW         5986    .data               nrf_log_str_formatter.o
    0x200023c4   0x00000003   Data   RW         6406    .data               nrf_sdh.o
    0x200023c7   0x00000001   Data   RW         6516    .data               nrf_sdh_ble.o
    0x200023c8   0x00000004   Data   RW         6600    .data               system_nrf52840.o
    0x200023cc   0x00000014   Data   RW         4499    fs_data             fds.o
    0x200023e0   0x00000004   Data   RW         1586    log_dynamic_data    nrf_ble_gatt.o
    0x200023e4   0x00000004   Data   RW         2792    log_dynamic_data    nrf_drv_clock.o
    0x200023e8   0x00000004   Data   RW         2986    log_dynamic_data    nrfx_clock.o
    0x200023ec   0x00000004   Data   RW         3148    log_dynamic_data    nrfx_gpiote.o
    0x200023f0   0x00000004   Data   RW         3425    log_dynamic_data    nrfx_prs.o
    0x200023f4   0x00000004   Data   RW         3503    log_dynamic_data    nrfx_uart.o
    0x200023f8   0x00000004   Data   RW         3696    log_dynamic_data    nrfx_uarte.o
    0x200023fc   0x00000004   Data   RW         3852    log_dynamic_data    nrfx_pwm.o
    0x20002400   0x00000004   Data   RW         4501    log_dynamic_data    fds.o
    0x20002404   0x00000004   Data   RW         5209    log_dynamic_data    nrf_fstorage.o
    0x20002408   0x00000004   Data   RW         5301    log_dynamic_data    nrf_fstorage_sd.o
    0x2000240c   0x00000004   Data   RW         5483    log_dynamic_data    nrf_pwr_mgmt.o
    0x20002410   0x00000008   Data   RW         5826    log_dynamic_data    nrf_log_frontend.o
    0x20002418   0x00000004   Data   RW         6408    log_dynamic_data    nrf_sdh.o
    0x2000241c   0x00000004   Data   RW         6518    log_dynamic_data    nrf_sdh_ble.o
    0x20002420   0x00000004   Data   RW         6564    log_dynamic_data    nrf_sdh_soc.o
    0x20002424   0x000000da   Zero   RW           11    .bss                main.o
    0x200024fe   0x00000002   PAD
    0x20002500   0x0000000c   Zero   RW           12    .bss                main.o
    0x2000250c   0x0000001f   Zero   RW           13    .bss                main.o
    0x2000252b   0x00000001   PAD
    0x2000252c   0x00000020   Zero   RW          507    .bss                bsp.o
    0x2000254c   0x00000020   Zero   RW          508    .bss                bsp.o
    0x2000256c   0x0000000c   Zero   RW          509    .bss                bsp.o
    0x20002578   0x00000020   Zero   RW          510    .bss                bsp.o
    0x20002598   0x00000050   Zero   RW          893    .bss                ble_conn_params.o
    0x200025e8   0x00000078   Zero   RW          978    .bss                ble_conn_state.o
    0x20002660   0x00000100   Zero   RW         1411    .bss                id_manager.o
    0x20002760   0x000000d0   Zero   RW         1880    .bss                peer_database.o
    0x20002830   0x00000040   Zero   RW         2036    .bss                peer_id.o
    0x20002870   0x0000000c   Zero   RW         2156    .bss                peer_manager.o
    0x2000287c   0x00000040   Zero   RW         2510    .bss                security_dispatcher.o
    0x200028bc   0x00000014   Zero   RW         2785    .bss                nrf_drv_clock.o
    0x200028d0   0x0000006c   Zero   RW         3141    .bss                nrfx_gpiote.o
    0x2000293c   0x00000018   Zero   RW         3844    .bss                nrfx_pwm.o
    0x20002954   0x00000020   Zero   RW         3961    .bss                app_button.o
    0x20002974   0x0000010c   Zero   RW         4200    .bss                app_timer.o
    0x20002a80   0x0000000c   Zero   RW         4353    .bss                app_util_platform.o
    0x20002a8c   0x000000e0   Zero   RW         4494    .bss                fds.o
    0x20002b6c   0x000000a0   Zero   RW         5294    .bss                nrf_fstorage_sd.o
    0x20002c0c   0x0000000c   Zero   RW         5477    .bss                nrf_pwr_mgmt.o
    0x20002c18   0x00000040   Zero   RW         5644    .bss                nrf_log_backend_rtt.o
    0x20002c58   0x000000c0   Zero   RW         5820    .bss                nrf_log_frontend.o
    0x20002d18   0x00000424   Zero   RW         5821    .bss                nrf_log_frontend.o
    0x2000313c   0x00000288   Zero   RW         6062    .bss                segger_rtt.o
    0x200033c4   0x00000004   PAD
    0x200033c8   0x00002000   Zero   RW         6588    STACK               arm_startup_nrf52840.o


==============================================================================

Image component sizes


      Code (inc. data)   RO Data    RW Data    ZI Data      Debug   Object Name

       440         36          8         32         32      13070   app_button.o
        22          0          0          0          0       2453   app_error.o
       124         40          0          0          0      30505   app_error_weak.o
         0          0          0          0          0      21974   app_scheduler.o
      1506        118          6         20        268      48379   app_timer.o
       124         14          0          0         12       9414   app_util_platform.o
        36          8        512          0       8192        928   arm_startup_nrf52840.o
      1314          0          0          0          0      38128   ble_advdata.o
      1046          6          0          0          0      12280   ble_advertising.o
       428         24          8          8         80       7208   ble_conn_params.o
       626         40          8          0        120      11772   ble_conn_state.o
         8          0          0          0          0       1454   ble_srv_common.o
       428         40          8          0          0      13841   boards.o
       918         82         44         16        108      13728   bsp.o
       226         10          8          8          0      43079   bsp_btn_ble.o
      2810        254         47         92        224      45091   fds.o
       860         88         80         12          0      18553   gatt_cache_manager.o
       442         28         24          6          0       9805   gatts_cache_manager.o
      1092         48          8          3        256      18083   id_manager.o
       996        100         68         44        261     179965   main.o
       288          0          0          0          0       5041   nrf_atfifo.o
        64          0          0          0          0       2956   nrf_atflags.o
       316          0          0          0          0       8786   nrf_atomic.o
       164          0          0          0          0       3636   nrf_balloc.o
       894        254        205          4          0      36240   nrf_ble_gatt.o
       218          0          0          0          0       3101   nrf_ble_qwr.o
       276         34         30          4         20      37658   nrf_drv_clock.o
        50          0          0          0          0       3525   nrf_fprintf.o
       850          4         16          0          0       5478   nrf_fprintf_format.o
       884        362        194          4          0       8852   nrf_fstorage.o
       484         42         62         32        160       9689   nrf_fstorage_sd.o
       112         18         18          1         64       6337   nrf_log_backend_rtt.o
       200          0          0          0          0      10795   nrf_log_backend_serial.o
        28          6          0         12          0       3186   nrf_log_default_backends.o
      1676        122         64         24       1252      31997   nrf_log_frontend.o
       566        108        102         64          0       5792   nrf_log_str_formatter.o
       330          0          0          0          0       9611   nrf_memobj.o
       108         16         53         12         12      36399   nrf_pwr_mgmt.o
       552         60        104          7          0      41656   nrf_sdh.o
       676        222        468          5          0       5937   nrf_sdh_ble.o
        60          4         56          4          0       2576   nrf_sdh_soc.o
        78          0          0          0          0       2772   nrf_section_iter.o
        76         10       1319          0          0       2739   nrf_strerror.o
       222         28         14         12          0      41052   nrfx_clock.o
      1378         92         23          4        108      59618   nrfx_gpiote.o
        12          6         12         12          0       2210   nrfx_prs.o
       834         42         12          4         24      21821   nrfx_pwm.o
         0          0         13          4          0      12097   nrfx_uart.o
         0          0         14          4          0      10196   nrfx_uarte.o
       678         24         24         12          0      16761   peer_data_storage.o
      1124         50         16          3        208      24698   peer_database.o
       296         34          0          0         64       8420   peer_id.o
       606         28         24         16         12      10675   peer_manager.o
       178          0          0          0          0       3430   pm_buffer.o
       212          0          0          0          0       4693   pm_mutex.o
      1524         78         84          6         64      25055   security_dispatcher.o
       786         58          4         21          0      45055   security_manager.o
       378         34          0          0        648       8989   segger_rtt.o
       476         60          0          4          0       2339   system_nrf52840.o

    ----------------------------------------------------------------------
     31162       2732       3836        532      12196    1121578   Object Totals
         0          0         32          0          0          0   (incl. Generated)
        62          0         44         16          7          0   (incl. Padding)

    ----------------------------------------------------------------------

      Code (inc. data)   RO Data    RW Data    ZI Data      Debug   Library Member Name

        86          0          0          0          0          0   __dczerorl2.o
         8          4        133          0          0         68   ctype_o.o
         0          0          0          0          0          0   entry.o
         0          0          0          0          0          0   entry10a.o
         0          0          0          0          0          0   entry11a.o
         8          4          0          0          0          0   entry2.o
         4          0          0          0          0          0   entry5.o
         0          0          0          0          0          0   entry7b.o
         0          0          0          0          0          0   entry8b.o
         8          4          0          0          0          0   entry9a.o
        30          0          0          0          0          0   handlers.o
        36          8          0          0          0         68   init.o
        30          0          0          0          0         68   llshl.o
        32          0          0          0          0         68   llushr.o
        26          0          0          0          0         80   memcmp.o
        36          0          0          0          0         68   memcpya.o
        36          0          0          0          0        108   memseta.o
        18          0          0          0          0         68   strcpy.o
        14          0          0          0          0         68   strlen.o
        98          0          0          0          0         92   uldiv.o

    ----------------------------------------------------------------------
       474         20        136          0          0        756   Library Totals
         4          0          3          0          0          0   (incl. Padding)

    ----------------------------------------------------------------------

      Code (inc. data)   RO Data    RW Data    ZI Data      Debug   Library Name

       470         20        133          0          0        756   mc_w.l

    ----------------------------------------------------------------------
       474         20        136          0          0        756   Library Totals

    ----------------------------------------------------------------------

==============================================================================


      Code (inc. data)   RO Data    RW Data    ZI Data      Debug   

     31636       2752       3972        532      12196    1080358   Grand Totals
     31636       2752       3972        112      12196    1080358   ELF Image Totals (compressed)
     31636       2752       3972        112          0          0   ROM Totals

==============================================================================

    Total RO  Size (Code + RO Data)                35608 (  34.77kB)
    Total RW  Size (RW Data + ZI Data)             12728 (  12.43kB)
    Total ROM Size (Code + RO Data + RW Data)      35720 (  34.88kB)

==============================================================================

